../Core/Inc/PUTM_EV_CAN_LIBRAR/lib/message_abstraction.hpp:104:10:void PUTM_CAN::Device<Device_data_type>::set_data(const PUTM_CAN::Can_rx_message&) [with Device_data_type = PUTM_CAN::RearboxSafety]	0	static
../Core/Inc/PUTM_EV_CAN_LIBRAR/lib/message_abstraction.hpp:104:10:void PUTM_CAN::Device<Device_data_type>::set_data(const PUTM_CAN::Can_rx_message&) [with Device_data_type = PUTM_CAN::Dashboard]	0	static
../Core/Inc/PUTM_EV_CAN_LIBRAR/lib/message_abstraction.hpp:104:10:void PUTM_CAN::Device<Device_data_type>::set_data(const PUTM_CAN::Can_rx_message&) [with Device_data_type = PUTM_CAN::DataLoggerStatus]	0	static
../Core/Inc/PUTM_EV_CAN_LIBRAR/lib/message_abstraction.hpp:104:10:void PUTM_CAN::Device<Device_data_type>::set_data(const PUTM_CAN::Can_rx_message&) [with Device_data_type = PUTM_CAN::BMS_LV_temperature]	0	static
../Core/Inc/PUTM_EV_CAN_LIBRAR/lib/message_abstraction.hpp:104:10:void PUTM_CAN::Device<Device_data_type>::set_data(const PUTM_CAN::Can_rx_message&) [with Device_data_type = PUTM_CAN::BMS_LV_main]	0	static
../Core/Inc/PUTM_EV_CAN_LIBRAR/lib/message_abstraction.hpp:104:10:void PUTM_CAN::Device<Device_data_type>::set_data(const PUTM_CAN::Can_rx_message&) [with Device_data_type = PUTM_CAN::BMS_HV_main]	0	static
../Core/Inc/PUTM_EV_CAN_LIBRAR/lib/message_abstraction.hpp:104:10:void PUTM_CAN::Device<Device_data_type>::set_data(const PUTM_CAN::Can_rx_message&) [with Device_data_type = PUTM_CAN::FrontData]	0	static
../Core/Inc/PUTM_EV_CAN_LIBRAR/lib/message_abstraction.hpp:104:10:void PUTM_CAN::Device<Device_data_type>::set_data(const PUTM_CAN::Can_rx_message&) [with Device_data_type = PUTM_CAN::PduData]	0	static
../Core/Inc/PUTM_EV_CAN_LIBRAR/lib/message_abstraction.hpp:104:10:void PUTM_CAN::Device<Device_data_type>::set_data(const PUTM_CAN::Can_rx_message&) [with Device_data_type = PUTM_CAN::PduChannel]	0	static
../Core/Inc/PUTM_EV_CAN_LIBRAR/lib/message_abstraction.hpp:104:10:void PUTM_CAN::Device<Device_data_type>::set_data(const PUTM_CAN::Can_rx_message&) [with Device_data_type = PUTM_CAN::PcTemperatureData]	0	static
../Core/Inc/PUTM_EV_CAN_LIBRAR/lib/message_abstraction.hpp:104:10:void PUTM_CAN::Device<Device_data_type>::set_data(const PUTM_CAN::Can_rx_message&) [with Device_data_type = PUTM_CAN::PcLapTimerData]	0	static
../Core/Inc/PUTM_EV_CAN_LIBRAR/lib/message_abstraction.hpp:104:10:void PUTM_CAN::Device<Device_data_type>::set_data(const PUTM_CAN::Can_rx_message&) [with Device_data_type = PUTM_CAN::PcMainData]	0	static
../Core/Inc/PUTM_EV_CAN_LIBRAR/lib/message_abstraction.hpp:104:10:void PUTM_CAN::Device<Device_data_type>::set_data(const PUTM_CAN::Can_rx_message&) [with Device_data_type = PUTM_CAN::RearboxMiscellaneous]	0	static
../Core/Inc/PUTM_EV_CAN_LIBRAR/lib/message_abstraction.hpp:104:10:void PUTM_CAN::Device<Device_data_type>::set_data(const PUTM_CAN::Can_rx_message&) [with Device_data_type = PUTM_CAN::RearboxTemperature]	0	static
../Core/Inc/PUTM_EV_CAN_LIBRAR/lib/message_abstraction.hpp:104:10:void PUTM_CAN::Device<Device_data_type>::set_data(const PUTM_CAN::Can_rx_message&) [with Device_data_type = PUTM_CAN::AmkRearRightSetpoints1]	0	static
../Core/Inc/PUTM_EV_CAN_LIBRAR/lib/message_abstraction.hpp:104:10:void PUTM_CAN::Device<Device_data_type>::set_data(const PUTM_CAN::Can_rx_message&) [with Device_data_type = PUTM_CAN::AmkRearLeftSetpoints1]	0	static
../Core/Inc/PUTM_EV_CAN_LIBRAR/lib/message_abstraction.hpp:104:10:void PUTM_CAN::Device<Device_data_type>::set_data(const PUTM_CAN::Can_rx_message&) [with Device_data_type = PUTM_CAN::AmkFrontRightSetpoints1]	0	static
../Core/Inc/PUTM_EV_CAN_LIBRAR/lib/message_abstraction.hpp:104:10:void PUTM_CAN::Device<Device_data_type>::set_data(const PUTM_CAN::Can_rx_message&) [with Device_data_type = PUTM_CAN::AmkFrontLeftSetpoints1]	0	static
../Core/Inc/PUTM_EV_CAN_LIBRAR/lib/message_abstraction.hpp:104:10:void PUTM_CAN::Device<Device_data_type>::set_data(const PUTM_CAN::Can_rx_message&) [with Device_data_type = PUTM_CAN::AmkRearRightActualValues2]	0	static
../Core/Inc/PUTM_EV_CAN_LIBRAR/lib/message_abstraction.hpp:104:10:void PUTM_CAN::Device<Device_data_type>::set_data(const PUTM_CAN::Can_rx_message&) [with Device_data_type = PUTM_CAN::AmkRearLeftActualValues2]	0	static
../Core/Inc/PUTM_EV_CAN_LIBRAR/lib/message_abstraction.hpp:104:10:void PUTM_CAN::Device<Device_data_type>::set_data(const PUTM_CAN::Can_rx_message&) [with Device_data_type = PUTM_CAN::AmkFrontRightActualValues2]	0	static
../Core/Inc/PUTM_EV_CAN_LIBRAR/lib/message_abstraction.hpp:104:10:void PUTM_CAN::Device<Device_data_type>::set_data(const PUTM_CAN::Can_rx_message&) [with Device_data_type = PUTM_CAN::AmkFrontLeftActualValues2]	0	static
../Core/Inc/PUTM_EV_CAN_LIBRAR/lib/message_abstraction.hpp:104:10:void PUTM_CAN::Device<Device_data_type>::set_data(const PUTM_CAN::Can_rx_message&) [with Device_data_type = PUTM_CAN::AmkRearRightActualValues1]	0	static
../Core/Inc/PUTM_EV_CAN_LIBRAR/lib/message_abstraction.hpp:104:10:void PUTM_CAN::Device<Device_data_type>::set_data(const PUTM_CAN::Can_rx_message&) [with Device_data_type = PUTM_CAN::AmkRearLeftActualValues1]	0	static
../Core/Inc/PUTM_EV_CAN_LIBRAR/lib/message_abstraction.hpp:104:10:void PUTM_CAN::Device<Device_data_type>::set_data(const PUTM_CAN::Can_rx_message&) [with Device_data_type = PUTM_CAN::AmkFrontRightActualValues1]	0	static
../Core/Inc/PUTM_EV_CAN_LIBRAR/lib/message_abstraction.hpp:104:10:void PUTM_CAN::Device<Device_data_type>::set_data(const PUTM_CAN::Can_rx_message&) [with Device_data_type = PUTM_CAN::AmkFrontLeftActualValues1]	0	static
../Core/Inc/PUTM_EV_CAN_LIBRAR/lib/message_abstraction.hpp:104:10:void PUTM_CAN::Device<Device_data_type>::set_data(const PUTM_CAN::Can_rx_message&) [with Device_data_type = PUTM_CAN::DriverInput]	0	static
../Core/Src/main.cpp:1012:6:void StartBlinkTask(void*)	16	static
../Core/Src/main.cpp:890:6:void StartMainTask(void*)	152	static,ignoring_inline_asm
../Core/Inc/PUTM_EV_CAN_LIBRAR/lib/can_interface.hpp:197:6:void HAL_FDCAN_RxFifo0Callback(FDCAN_HandleTypeDef*, uint32_t)	72	static
../Core/Src/main.cpp:138:6:void HAL_ADC_ConvCpltCallback(ADC_HandleTypeDef*)	12	static
../Core/Src/main.cpp:283:6:void SystemClock_Config()	88	static,ignoring_inline_asm
../Core/Src/main.cpp:183:5:int main()	112	static,ignoring_inline_asm
../Core/Src/main.cpp:1109:6:void StartAmkTask(void*)	56	static
../Core/Src/main.cpp:1364:6:void HAL_TIM_PeriodElapsedCallback(TIM_HandleTypeDef*)	0	static
../Core/Src/main.cpp:1382:6:void Error_Handler()	0	static,ignoring_inline_asm
../Core/Src/main.cpp:1392:1:cpp)	0	static
