../Core/Src/stm32g4xx_hal_msp.c:66:6:HAL_MspInit	16	static
../Core/Src/stm32g4xx_hal_msp.c:97:6:HAL_ADC_MspInit	160	static
../Core/Src/stm32g4xx_hal_msp.c:251:6:HAL_ADC_MspDeInit	8	static
../Core/Src/stm32g4xx_hal_msp.c:341:6:HAL_DAC_MspInit	48	static
../Core/Src/stm32g4xx_hal_msp.c:395:6:HAL_DAC_MspDeInit	0	static
../Core/Src/stm32g4xx_hal_msp.c:442:6:HAL_FDCAN_MspInit	128	static
../Core/Src/stm32g4xx_hal_msp.c:539:6:HAL_FDCAN_MspDeInit	8	static
../Core/Src/stm32g4xx_hal_msp.c:598:6:HAL_TIM_Base_MspInit	16	static
../Core/Src/stm32g4xx_hal_msp.c:628:6:HAL_TIM_Base_MspDeInit	0	static
