Archive member included to satisfy reference by file (symbol)

C:/ST/STM32CubeIDE_1.18.0/STM32CubeIDE/plugins/com.st.stm32cube.ide.mcu.externaltools.gnu-tools-for-stm32.13.3.rel1.win32_1.0.0.202411081344/tools/bin/../lib/gcc/arm-none-eabi/13.3.1/../../../../arm-none-eabi/lib/thumb/v7e-m+fp/hard\libm.a(libm_a-s_round.o)
                              ./Core/Src/interfaces/Tensometers.o (round)
C:/ST/STM32CubeIDE_1.18.0/STM32CubeIDE/plugins/com.st.stm32cube.ide.mcu.externaltools.gnu-tools-for-stm32.13.3.rel1.win32_1.0.0.202411081344/tools/bin/../lib/gcc/arm-none-eabi/13.3.1/../../../../arm-none-eabi/lib/thumb/v7e-m+fp/hard\libm.a(libm_a-sf_round.o)
                              ./Core/Src/interfaces/analog.o (roundf)
C:/ST/STM32CubeIDE_1.18.0/STM32CubeIDE/plugins/com.st.stm32cube.ide.mcu.externaltools.gnu-tools-for-stm32.13.3.rel1.win32_1.0.0.202411081344/tools/bin/../lib/gcc/arm-none-eabi/13.3.1/../../../../arm-none-eabi/lib/thumb/v7e-m+fp/hard\libc_nano.a(libc_a-exit.o)
                              C:/ST/STM32CubeIDE_1.18.0/STM32CubeIDE/plugins/com.st.stm32cube.ide.mcu.externaltools.gnu-tools-for-stm32.13.3.rel1.win32_1.0.0.202411081344/tools/bin/../lib/gcc/arm-none-eabi/13.3.1/../../../../arm-none-eabi/lib/thumb/v7e-m+fp/hard/crt0.o (exit)
C:/ST/STM32CubeIDE_1.18.0/STM32CubeIDE/plugins/com.st.stm32cube.ide.mcu.externaltools.gnu-tools-for-stm32.13.3.rel1.win32_1.0.0.202411081344/tools/bin/../lib/gcc/arm-none-eabi/13.3.1/../../../../arm-none-eabi/lib/thumb/v7e-m+fp/hard\libc_nano.a(libc_a-findfp.o)
                              ./Middlewares/Third_Party/FreeRTOS/Source/tasks.o (__sf)
C:/ST/STM32CubeIDE_1.18.0/STM32CubeIDE/plugins/com.st.stm32cube.ide.mcu.externaltools.gnu-tools-for-stm32.13.3.rel1.win32_1.0.0.202411081344/tools/bin/../lib/gcc/arm-none-eabi/13.3.1/../../../../arm-none-eabi/lib/thumb/v7e-m+fp/hard\libc_nano.a(libc_a-fwalk.o)
                              C:/ST/STM32CubeIDE_1.18.0/STM32CubeIDE/plugins/com.st.stm32cube.ide.mcu.externaltools.gnu-tools-for-stm32.13.3.rel1.win32_1.0.0.202411081344/tools/bin/../lib/gcc/arm-none-eabi/13.3.1/../../../../arm-none-eabi/lib/thumb/v7e-m+fp/hard\libc_nano.a(libc_a-findfp.o) (_fwalk_sglue)
C:/ST/STM32CubeIDE_1.18.0/STM32CubeIDE/plugins/com.st.stm32cube.ide.mcu.externaltools.gnu-tools-for-stm32.13.3.rel1.win32_1.0.0.202411081344/tools/bin/../lib/gcc/arm-none-eabi/13.3.1/../../../../arm-none-eabi/lib/thumb/v7e-m+fp/hard\libc_nano.a(libc_a-stdio.o)
                              C:/ST/STM32CubeIDE_1.18.0/STM32CubeIDE/plugins/com.st.stm32cube.ide.mcu.externaltools.gnu-tools-for-stm32.13.3.rel1.win32_1.0.0.202411081344/tools/bin/../lib/gcc/arm-none-eabi/13.3.1/../../../../arm-none-eabi/lib/thumb/v7e-m+fp/hard\libc_nano.a(libc_a-findfp.o) (__sread)
C:/ST/STM32CubeIDE_1.18.0/STM32CubeIDE/plugins/com.st.stm32cube.ide.mcu.externaltools.gnu-tools-for-stm32.13.3.rel1.win32_1.0.0.202411081344/tools/bin/../lib/gcc/arm-none-eabi/13.3.1/../../../../arm-none-eabi/lib/thumb/v7e-m+fp/hard\libc_nano.a(libc_a-memset.o)
                              C:/ST/STM32CubeIDE_1.18.0/STM32CubeIDE/plugins/com.st.stm32cube.ide.mcu.externaltools.gnu-tools-for-stm32.13.3.rel1.win32_1.0.0.202411081344/tools/bin/../lib/gcc/arm-none-eabi/13.3.1/../../../../arm-none-eabi/lib/thumb/v7e-m+fp/hard/crt0.o (memset)
C:/ST/STM32CubeIDE_1.18.0/STM32CubeIDE/plugins/com.st.stm32cube.ide.mcu.externaltools.gnu-tools-for-stm32.13.3.rel1.win32_1.0.0.202411081344/tools/bin/../lib/gcc/arm-none-eabi/13.3.1/../../../../arm-none-eabi/lib/thumb/v7e-m+fp/hard\libc_nano.a(libc_a-closer.o)
                              C:/ST/STM32CubeIDE_1.18.0/STM32CubeIDE/plugins/com.st.stm32cube.ide.mcu.externaltools.gnu-tools-for-stm32.13.3.rel1.win32_1.0.0.202411081344/tools/bin/../lib/gcc/arm-none-eabi/13.3.1/../../../../arm-none-eabi/lib/thumb/v7e-m+fp/hard\libc_nano.a(libc_a-stdio.o) (_close_r)
C:/ST/STM32CubeIDE_1.18.0/STM32CubeIDE/plugins/com.st.stm32cube.ide.mcu.externaltools.gnu-tools-for-stm32.13.3.rel1.win32_1.0.0.202411081344/tools/bin/../lib/gcc/arm-none-eabi/13.3.1/../../../../arm-none-eabi/lib/thumb/v7e-m+fp/hard\libc_nano.a(libc_a-reent.o)
                              ./Middlewares/Third_Party/FreeRTOS/Source/tasks.o (_reclaim_reent)
C:/ST/STM32CubeIDE_1.18.0/STM32CubeIDE/plugins/com.st.stm32cube.ide.mcu.externaltools.gnu-tools-for-stm32.13.3.rel1.win32_1.0.0.202411081344/tools/bin/../lib/gcc/arm-none-eabi/13.3.1/../../../../arm-none-eabi/lib/thumb/v7e-m+fp/hard\libc_nano.a(libc_a-impure.o)
                              ./Middlewares/Third_Party/FreeRTOS/Source/tasks.o (_impure_ptr)
C:/ST/STM32CubeIDE_1.18.0/STM32CubeIDE/plugins/com.st.stm32cube.ide.mcu.externaltools.gnu-tools-for-stm32.13.3.rel1.win32_1.0.0.202411081344/tools/bin/../lib/gcc/arm-none-eabi/13.3.1/../../../../arm-none-eabi/lib/thumb/v7e-m+fp/hard\libc_nano.a(libc_a-lseekr.o)
[...]
Memory Configuration

Name             Origin             Length             Attributes
RAM              0x20000000         0x00020000         xrw
FLASH            0x08000000         0x00080000         xr
*default*        0x00000000         0xffffffff

Linker script and memory map

LOAD C:/ST/STM32CubeIDE_1.18.0/STM32CubeIDE/plugins/com.st.stm32cube.ide.mcu.externaltools.gnu-tools-for-stm32.13.3.rel1.win32_1.0.0.202411081344/tools/bin/../lib/gcc/arm-none-eabi/13.3.1/thumb/v7e-m+fp/hard/crti.o
LOAD C:/ST/STM32CubeIDE_1.18.0/STM32CubeIDE/plugins/com.st.stm32cube.ide.mcu.externaltools.gnu-tools-for-stm32.13.3.rel1.win32_1.0.0.202411081344/tools/bin/../lib/gcc/arm-none-eabi/13.3.1/thumb/v7e-m+fp/hard/crtbegin.o
LOAD C:/ST/STM32CubeIDE_1.18.0/STM32CubeIDE/plugins/com.st.stm32cube.ide.mcu.externaltools.gnu-tools-for-stm32.13.3.rel1.win32_1.0.0.202411081344/tools/bin/../lib/gcc/arm-none-eabi/13.3.1/../../../../arm-none-eabi/lib/thumb/v7e-m+fp/hard/crt0.o
LOAD ./Core/Src/app_freertos.o
LOAD ./Core/Src/main.o
LOAD ./Core/Src/stm32g4xx_hal_msp.o
LOAD ./Core/Src/stm32g4xx_hal_timebase_tim.o
LOAD ./Core/Src/stm32g4xx_it.o
LOAD ./Core/Src/syscalls.o
LOAD ./Core/Src/sysmem.o
LOAD ./Core/Src/system_stm32g4xx.o
LOAD ./Core/Src/interfaces/Sc.o
LOAD ./Core/Src/interfaces/Tensometers.o
LOAD ./Core/Src/interfaces/accelerometer.o
LOAD ./Core/Src/interfaces/analog.o
LOAD ./Core/Src/interfaces/apps.o
LOAD ./Core/Src/interfaces/brakes.o
LOAD ./Core/Startup/startup_stm32g484retx.o
LOAD ./Drivers/STM32G4xx_HAL_Driver/Src/stm32g4xx_hal.o
LOAD ./Drivers/STM32G4xx_HAL_Driver/Src/stm32g4xx_hal_adc.o
LOAD ./Drivers/STM32G4xx_HAL_Driver/Src/stm32g4xx_hal_adc_ex.o
LOAD ./Drivers/STM32G4xx_HAL_Driver/Src/stm32g4xx_hal_cortex.o
LOAD ./Drivers/STM32G4xx_HAL_Driver/Src/stm32g4xx_hal_dac.o
LOAD ./Drivers/STM32G4xx_HAL_Driver/Src/stm32g4xx_hal_dac_ex.o
LOAD ./Drivers/STM32G4xx_HAL_Driver/Src/stm32g4xx_hal_dma.o
LOAD ./Drivers/STM32G4xx_HAL_Driver/Src/stm32g4xx_hal_dma_ex.o
LOAD ./Drivers/STM32G4xx_HAL_Driver/Src/stm32g4xx_hal_exti.o
LOAD ./Drivers/STM32G4xx_HAL_Driver/Src/stm32g4xx_hal_fdcan.o
LOAD ./Drivers/STM32G4xx_HAL_Driver/Src/stm32g4xx_hal_flash.o
LOAD ./Drivers/STM32G4xx_HAL_Driver/Src/stm32g4xx_hal_flash_ex.o
LOAD ./Drivers/STM32G4xx_HAL_Driver/Src/stm32g4xx_hal_flash_ramfunc.o
LOAD ./Drivers/STM32G4xx_HAL_Driver/Src/stm32g4xx_hal_gpio.o
LOAD ./Drivers/STM32G4xx_HAL_Driver/Src/stm32g4xx_hal_iwdg.o
LOAD ./Drivers/STM32G4xx_HAL_Driver/Src/stm32g4xx_hal_pwr.o
LOAD ./Drivers/STM32G4xx_HAL_Driver/Src/stm32g4xx_hal_pwr_ex.o
LOAD ./Drivers/STM32G4xx_HAL_Driver/Src/stm32g4xx_hal_rcc.o
LOAD ./Drivers/STM32G4xx_HAL_Driver/Src/stm32g4xx_hal_rcc_ex.o
LOAD ./Drivers/STM32G4xx_HAL_Driver/Src/stm32g4xx_hal_tim.o
LOAD ./Drivers/STM32G4xx_HAL_Driver/Src/stm32g4xx_hal_tim_ex.o
LOAD ./Drivers/STM32G4xx_HAL_Driver/Src/stm32g4xx_ll_adc.o
LOAD ./Middlewares/Third_Party/FreeRTOS/Source/CMSIS_RTOS_V2/cmsis_os2.o
LOAD ./Middlewares/Third_Party/FreeRTOS/Source/croutine.o
LOAD ./Middlewares/Third_Party/FreeRTOS/Source/event_groups.o
LOAD ./Middlewares/Third_Party/FreeRTOS/Source/list.o
LOAD ./Middlewares/Third_Party/FreeRTOS/Source/queue.o
LOAD ./Middlewares/Third_Party/FreeRTOS/Source/stream_buffer.o
LOAD ./Middlewares/Third_Party/FreeRTOS/Source/tasks.o
LOAD ./Middlewares/Third_Party/FreeRTOS/Source/timers.o
LOAD ./Middlewares/Third_Party/FreeRTOS/Source/portable/GCC/ARM_CM4F/port.o
LOAD ./Middlewares/Third_Party/FreeRTOS/Source/portable/MemMang/heap_4.o
START GROUP
LOAD C:/ST/STM32CubeIDE_1.18.0/STM32CubeIDE/plugins/com.st.stm32cube.ide.mcu.externaltools.gnu-tools-for-stm32.13.3.rel1.win32_1.0.0.202411081344/tools/bin/../lib/gcc/arm-none-eabi/13.3.1/../../../../arm-none-eabi/lib/thumb/v7e-m+fp/hard\libstdc++_nano.a
LOAD C:/ST/STM32CubeIDE_1.18.0/STM32CubeIDE/plugins/com.st.stm32cube.ide.mcu.externaltools.gnu-tools-for-stm32.13.3.rel1.win32_1.0.0.202411081344/tools/bin/../lib/gcc/arm-none-eabi/13.3.1/../../../../arm-none-eabi/lib/thumb/v7e-m+fp/hard\libsupc++_nano.a
END GROUP
LOAD C:/ST/STM32CubeIDE_1.18.0/STM32CubeIDE/plugins/com.st.stm32cube.ide.mcu.externaltools.gnu-tools-for-stm32.13.3.rel1.win32_1.0.0.202411081344/tools/bin/../lib/gcc/arm-none-eabi/13.3.1/../../../../arm-none-eabi/lib/thumb/v7e-m+fp/hard\libstdc++_nano.a
LOAD C:/ST/STM32CubeIDE_1.18.0/STM32CubeIDE/plugins/com.st.stm32cube.ide.mcu.externaltools.gnu-tools-for-stm32.13.3.rel1.win32_1.0.0.202411081344/tools/bin/../lib/gcc/arm-none-eabi/13.3.1/../../../../arm-none-eabi/lib/thumb/v7e-m+fp/hard\libm.a
LOAD C:/ST/STM32CubeIDE_1.18.0/STM32CubeIDE/plugins/com.st.stm32cube.ide.mcu.externaltools.gnu-tools-for-stm32.13.3.rel1.win32_1.0.0.202411081344/tools/bin/../lib/gcc/arm-none-eabi/13.3.1/../../../../arm-none-eabi/lib/thumb/v7e-m+fp/hard\libc_nano.a
START GROUP
LOAD C:/ST/STM32CubeIDE_1.18.0/STM32CubeIDE/plugins/com.st.stm32cube.ide.mcu.externaltools.gnu-tools-for-stm32.13.3.rel1.win32_1.0.0.202411081344/tools/bin/../lib/gcc/arm-none-eabi/13.3.1/thumb/v7e-m+fp/hard\libgcc.a
LOAD C:/ST/STM32CubeIDE_1.18.0/STM32CubeIDE/plugins/com.st.stm32cube.ide.mcu.externaltools.gnu-tools-for-stm32.13.3.rel1.win32_1.0.0.202411081344/tools/bin/../lib/gcc/arm-none-eabi/13.3.1/../../../../arm-none-eabi/lib/thumb/v7e-m+fp/hard\libc_nano.a
END GROUP
START GROUP
LOAD C:/ST/STM32CubeIDE_1.18.0/STM32CubeIDE/plugins/com.st.stm32cube.ide.mcu.externaltools.gnu-tools-for-stm32.13.3.rel1.win32_1.0.0.202411081344/tools/bin/../lib/gcc/arm-none-eabi/13.3.1/thumb/v7e-m+fp/hard\libgcc.a
LOAD C:/ST/STM32CubeIDE_1.18.0/STM32CubeIDE/plugins/com.st.stm32cube.ide.mcu.externaltools.gnu-tools-for-stm32.13.3.rel1.win32_1.0.0.202411081344/tools/bin/../lib/gcc/arm-none-eabi/13.3.1/../../../../arm-none-eabi/lib/thumb/v7e-m+fp/hard\libc_nano.a
LOAD C:/ST/STM32CubeIDE_1.18.0/STM32CubeIDE/plugins/com.st.stm32cube.ide.mcu.externaltools.gnu-tools-for-stm32.13.3.rel1.win32_1.0.0.202411081344/tools/bin/../lib/gcc/arm-none-eabi/13.3.1/../../../../arm-none-eabi/lib/thumb/v7e-m+fp/hard\libnosys.a
END GROUP
START GROUP
LOAD C:/ST/STM32CubeIDE_1.18.0/STM32CubeIDE/plugins/com.st.stm32cube.ide.mcu.externaltools.gnu-tools-for-stm32.13.3.rel1.win32_1.0.0.202411081344/tools/bin/../lib/gcc/arm-none-eabi/13.3.1/thumb/v7e-m+fp/hard\libgcc.a
LOAD C:/ST/STM32CubeIDE_1.18.0/STM32CubeIDE/plugins/com.st.stm32cube.ide.mcu.externaltools.gnu-tools-for-stm32.13.3.rel1.win32_1.0.0.202411081344/tools/bin/../lib/gcc/arm-none-eabi/13.3.1/../../../../arm-none-eabi/lib/thumb/v7e-m+fp/hard\libc_nano.a
LOAD C:/ST/STM32CubeIDE_1.18.0/STM32CubeIDE/plugins/com.st.stm32cube.ide.mcu.externaltools.gnu-tools-for-stm32.13.3.rel1.win32_1.0.0.202411081344/tools/bin/../lib/gcc/arm-none-eabi/13.3.1/../../../../arm-none-eabi/lib/thumb/v7e-m+fp/hard\libnosys.a
END GROUP
LOAD C:/ST/STM32CubeIDE_1.18.0/STM32CubeIDE/plugins/com.st.stm32cube.ide.mcu.externaltools.gnu-tools-for-stm32.13.3.rel1.win32_1.0.0.202411081344/tools/bin/../lib/gcc/arm-none-eabi/13.3.1/thumb/v7e-m+fp/hard/crtend.o
LOAD C:/ST/STM32CubeIDE_1.18.0/STM32CubeIDE/plugins/com.st.stm32cube.ide.mcu.externaltools.gnu-tools-for-stm32.13.3.rel1.win32_1.0.0.202411081344/tools/bin/../lib/gcc/arm-none-eabi/13.3.1/thumb/v7e-m+fp/hard/crtn.o
                0x20020000                        _estack = (ORIGIN (RAM) + LENGTH (RAM))
                0x00000200                        _Min_Heap_Size = 0x200
                0x00000400                        _Min_Stack_Size = 0x400

.isr_vector     0x08000000      0x1d8
                0x08000000                        . = ALIGN (0x4)
 *(.isr_vector)
 .isr_vector    0x08000000      0x1d8 ./Core/Startup/startup_stm32g484retx.o
                0x08000000                g_pfnVectors
                0x080001d8                        . = ALIGN (0x4)

.text           0x080001e0     0x68e8
                0x080001e0                        . = ALIGN (0x4)
 *(.text)
 .text          0x080001e0       0x40 C:/ST/STM32CubeIDE_1.18.0/STM32CubeIDE/plugins/com.st.stm32cube.ide.mcu.externaltools.gnu-tools-for-stm32.13.3.rel1.win32_1.0.0.202411081344/tools/bin/../lib/gcc/arm-none-eabi/13.3.1/thumb/v7e-m+fp/hard/crtbegin.o
 .text          0x08000220      0x254 C:/ST/STM32CubeIDE_1.18.0/STM32CubeIDE/plugins/com.st.stm32cube.ide.mcu.externaltools.gnu-tools-for-stm32.13.3.rel1.win32_1.0.0.202411081344/tools/bin/../lib/gcc/arm-none-eabi/13.3.1/thumb/v7e-m+fp/hard\libgcc.a(_arm_muldf3.o)
                0x08000220                __muldf3
                0x08000220                __aeabi_dmul
 .text          0x08000474      0x378 C:/ST/STM32CubeIDE_1.18.0/STM32CubeIDE/plugins/com.st.stm32cube.ide.mcu.externaltools.gnu-tools-for-stm32.13.3.rel1.win32_1.0.0.202411081344/tools/bin/../lib/gcc/arm-none-eabi/13.3.1/thumb/v7e-m+fp/hard\libgcc.a(_arm_addsubdf3.o)
                0x08000474                __aeabi_drsub
                0x0800047c                __aeabi_dsub
                0x0800047c                __subdf3
                0x08000480                __aeabi_dadd
                0x08000480                __adddf3
                0x080006f8                __floatunsidf
                0x080006f8                __aeabi_ui2d
                0x08000718                __floatsidf
                0x08000718                __aeabi_i2d
                0x0800073c                __aeabi_f2d
                0x0800073c                __extendsfdf2
                0x08000780                __floatundidf
                0x08000780                __aeabi_ul2d
                0x08000790                __floatdidf
                0x08000790                __aeabi_l2d
 .text          0x080007ec       0x50 C:/ST/STM32CubeIDE_1.18.0/STM32CubeIDE/plugins/com.st.stm32cube.ide.mcu.externaltools.gnu-tools-for-stm32.13.3.rel1.win32_1.0.0.202411081344/tools/bin/../lib/gcc/arm-none-eabi/13.3.1/thumb/v7e-m+fp/hard\libgcc.a(_arm_fixdfsi.o)
                0x080007ec                __aeabi_d2iz
                0x080007ec                __fixdfsi
 .text          0x0800083c      0x21c C:/ST/STM32CubeIDE_1.18.0/STM32CubeIDE/plugins/com.st.stm32cube.ide.mcu.externaltools.gnu-tools-for-stm32.13.3.rel1.win32_1.0.0.202411081344/tools/bin/../lib/gcc/arm-none-eabi/13.3.1/thumb/v7e-m+fp/hard\libgcc.a(_arm_addsubsf3.o)
                0x0800083c                __aeabi_frsub
                0x08000844                __subsf3
                0x08000844                __aeabi_fsub
                0x08000848                __aeabi_fadd
                0x08000848                __addsf3
                0x080009a8                __aeabi_ui2f
                0x080009a8                __floatunsisf
                0x080009b0                __aeabi_i2f
                0x080009b0                __floatsisf
                0x080009cc                __aeabi_ul2f
                0x080009cc                __floatundisf
                0x080009dc                __aeabi_l2f
                0x080009dc                __floatdisf
 *(.text*)
 .text._ZN8PUTM_CAN6DeviceINS_13RearboxSafetyEE8set_dataERKNS_14Can_rx_messageE
                0x08000a58        0xc ./Core/Src/main.o
                0x08000a58                PUTM_CAN::Device<PUTM_CAN::RearboxSafety>::set_data(PUTM_CAN::Can_rx_message const&)
 .text._ZN8PUTM_CAN6DeviceINS_9DashboardEE8set_dataERKNS_14Can_rx_messageE
                0x08000a64        0xc ./Core/Src/main.o
                0x08000a64                PUTM_CAN::Device<PUTM_CAN::Dashboard>::set_data(PUTM_CAN::Can_rx_message const&)
 .text._ZN8PUTM_CAN6DeviceINS_16DataLoggerStatusEE8set_dataERKNS_14Can_rx_messageE
                0x08000a70       0x12 ./Core/Src/main.o
                0x08000a70                PUTM_CAN::Device<PUTM_CAN::DataLoggerStatus>::set_data(PUTM_CAN::Can_rx_message const&)
 .text._ZN8PUTM_CAN6DeviceINS_18BMS_LV_temperatureEE8set_dataERKNS_14Can_rx_messageE
                0x08000a82       0x12 ./Core/Src/main.o
                0x08000a82                PUTM_CAN::Device<PUTM_CAN::BMS_LV_temperature>::set_data(PUTM_CAN::Can_rx_message const&)
 .text._ZN8PUTM_CAN6DeviceINS_11BMS_LV_mainEE8set_dataERKNS_14Can_rx_messageE
                0x08000a94       0x12 ./Core/Src/main.o
                0x08000a94                PUTM_CAN::Device<PUTM_CAN::BMS_LV_main>::set_data(PUTM_CAN::Can_rx_message const&)
 .text._ZN8PUTM_CAN6DeviceINS_11BMS_HV_mainEE8set_dataERKNS_14Can_rx_messageE
                0x08000aa6       0x12 ./Core/Src/main.o
                0x08000aa6                PUTM_CAN::Device<PUTM_CAN::BMS_HV_main>::set_data(PUTM_CAN::Can_rx_message const&)
 .text._ZN8PUTM_CAN6DeviceINS_9FrontDataEE8set_dataERKNS_14Can_rx_messageE
                0x08000ab8       0x18 ./Core/Src/main.o
                0x08000ab8                PUTM_CAN::Device<PUTM_CAN::FrontData>::set_data(PUTM_CAN::Can_rx_message const&)
 .text._ZN8PUTM_CAN6DeviceINS_7PduDataEE8set_dataERKNS_14Can_rx_messageE
                0x08000ad0       0x12 ./Core/Src/main.o
                0x08000ad0                PUTM_CAN::Device<PUTM_CAN::PduData>::set_data(PUTM_CAN::Can_rx_message const&)
 .text._ZN8PUTM_CAN6DeviceINS_10PduChannelEE8set_dataERKNS_14Can_rx_messageE
                0x08000ae2       0x12 ./Core/Src/main.o
                0x08000ae2                PUTM_CAN::Device<PUTM_CAN::PduChannel>::set_data(PUTM_CAN::Can_rx_message const&)
 .text._ZN8PUTM_CAN6DeviceINS_17PcTemperatureDataEE8set_dataERKNS_14Can_rx_messageE
                0x08000af4       0x12 ./Core/Src/main.o
                0x08000af4                PUTM_CAN::Device<PUTM_CAN::PcTemperatureData>::set_data(PUTM_CAN::Can_rx_message const&)
 .text._ZN8PUTM_CAN6DeviceINS_14PcLapTimerDataEE8set_dataERKNS_14Can_rx_messageE
                0x08000b06       0x18 ./Core/Src/main.o
                0x08000b06                PUTM_CAN::Device<PUTM_CAN::PcLapTimerData>::set_data(PUTM_CAN::Can_rx_message const&)
 .text._ZN8PUTM_CAN6DeviceINS_10PcMainDataEE8set_dataERKNS_14Can_rx_messageE
                0x08000b1e       0x12 ./Core/Src/main.o
                0x08000b1e                PUTM_CAN::Device<PUTM_CAN::PcMainData>::set_data(PUTM_CAN::Can_rx_message const&)
 .text._ZN8PUTM_CAN6DeviceINS_20RearboxMiscellaneousEE8set_dataERKNS_14Can_rx_messageE
                0x08000b30       0x12 ./Core/Src/main.o
                0x08000b30                PUTM_CAN::Device<PUTM_CAN::RearboxMiscellaneous>::set_data(PUTM_CAN::Can_rx_message const&)
 .text._ZN8PUTM_CAN6DeviceINS_18RearboxTemperatureEE8set_dataERKNS_14Can_rx_messageE
                0x08000b42       0x12 ./Core/Src/main.o
                0x08000b42                PUTM_CAN::Device<PUTM_CAN::RearboxTemperature>::set_data(PUTM_CAN::Can_rx_message const&)
 .text._ZN8PUTM_CAN6DeviceINS_22AmkRearRightSetpoints1EE8set_dataERKNS_14Can_rx_messageE
                0x08000b54       0x12 ./Core/Src/main.o
                0x08000b54                PUTM_CAN::Device<PUTM_CAN::AmkRearRightSetpoints1>::set_data(PUTM_CAN::Can_rx_message const&)
 .text._ZN8PUTM_CAN6DeviceINS_21AmkRearLeftSetpoints1EE8set_dataERKNS_14Can_rx_messageE
                0x08000b66       0x12 ./Core/Src/main.o
                0x08000b66                PUTM_CAN::Device<PUTM_CAN::AmkRearLeftSetpoints1>::set_data(PUTM_CAN::Can_rx_message const&)
 .text._ZN8PUTM_CAN6DeviceINS_23AmkFrontRightSetpoints1EE8set_dataERKNS_14Can_rx_messageE
                0x08000b78       0x12 ./Core/Src/main.o
                0x08000b78                PUTM_CAN::Device<PUTM_CAN::AmkFrontRightSetpoints1>::set_data(PUTM_CAN::Can_rx_message const&)
 .text._ZN8PUTM_CAN6DeviceINS_22AmkFrontLeftSetpoints1EE8set_dataERKNS_14Can_rx_messageE
                0x08000b8a       0x12 ./Core/Src/main.o
                0x08000b8a                PUTM_CAN::Device<PUTM_CAN::AmkFrontLeftSetpoints1>::set_data(PUTM_CAN::Can_rx_message const&)
 .text._ZN8PUTM_CAN6DeviceINS_25AmkRearRightActualValues2EE8set_dataERKNS_14Can_rx_messageE
                0x08000b9c       0x12 ./Core/Src/main.o
                0x08000b9c                PUTM_CAN::Device<PUTM_CAN::AmkRearRightActualValues2>::set_data(PUTM_CAN::Can_rx_message const&)
 .text._ZN8PUTM_CAN6DeviceINS_24AmkRearLeftActualValues2EE8set_dataERKNS_14Can_rx_messageE
                0x08000bae       0x12 ./Core/Src/main.o
                0x08000bae                PUTM_CAN::Device<PUTM_CAN::AmkRearLeftActualValues2>::set_data(PUTM_CAN::Can_rx_message const&)
 .text._ZN8PUTM_CAN6DeviceINS_26AmkFrontRightActualValues2EE8set_dataERKNS_14Can_rx_messageE
                0x08000bc0       0x12 ./Core/Src/main.o
                0x08000bc0                PUTM_CAN::Device<PUTM_CAN::AmkFrontRightActualValues2>::set_data(PUTM_CAN::Can_rx_message const&)
 .text._ZN8PUTM_CAN6DeviceINS_25AmkFrontLeftActualValues2EE8set_dataERKNS_14Can_rx_messageE
                0x08000bd2       0x12 ./Core/Src/main.o
                0x08000bd2                PUTM_CAN::Device<PUTM_CAN::AmkFrontLeftActualValues2>::set_data(PUTM_CAN::Can_rx_message const&)
 .text._ZN8PUTM_CAN6DeviceINS_25AmkRearRightActualValues1EE8set_dataERKNS_14Can_rx_messageE
                0x08000be4       0x12 ./Core/Src/main.o
                0x08000be4                PUTM_CAN::Device<PUTM_CAN::AmkRearRightActualValues1>::set_data(PUTM_CAN::Can_rx_message const&)
 .text._ZN8PUTM_CAN6DeviceINS_24AmkRearLeftActualValues1EE8set_dataERKNS_14Can_rx_messageE
                0x08000bf6       0x12 ./Core/Src/main.o
                0x08000bf6                PUTM_CAN::Device<PUTM_CAN::AmkRearLeftActualValues1>::set_data(PUTM_CAN::Can_rx_message const&)
 .text._ZN8PUTM_CAN6DeviceINS_26AmkFrontRightActualValues1EE8set_dataERKNS_14Can_rx_messageE
                0x08000c08       0x12 ./Core/Src/main.o
                0x08000c08                PUTM_CAN::Device<PUTM_CAN::AmkFrontRightActualValues1>::set_data(PUTM_CAN::Can_rx_message const&)
 .text._ZN8PUTM_CAN6DeviceINS_25AmkFrontLeftActualValues1EE8set_dataERKNS_14Can_rx_messageE
                0x08000c1a       0x12 ./Core/Src/main.o
                0x08000c1a                PUTM_CAN::Device<PUTM_CAN::AmkFrontLeftActualValues1>::set_data(PUTM_CAN::Can_rx_message const&)
 .text._ZN8PUTM_CAN6DeviceINS_11DriverInputEE8set_dataERKNS_14Can_rx_messageE
                0x08000c2c       0x12 ./Core/Src/main.o
                0x08000c2c                PUTM_CAN::Device<PUTM_CAN::DriverInput>::set_data(PUTM_CAN::Can_rx_message const&)
 *fill*         0x08000c3e        0x2 
 .text._Z14StartBlinkTaskPv
                0x08000c40       0x5c ./Core/Src/main.o
                0x08000c40                StartBlinkTask(void*)
 .text._Z13StartMainTaskPv
                0x08000c9c      0x2dc ./Core/Src/main.o
                0x08000c9c                StartMainTask(void*)
 .text.HAL_FDCAN_RxFifo0Callback
                0x08000f78       0x54 ./Core/Src/main.o
                0x08000f78                HAL_FDCAN_RxFifo0Callback
 .text.HAL_ADC_ConvCpltCallback
                0x08000fcc       0x88 ./Core/Src/main.o
                0x08000fcc                HAL_ADC_ConvCpltCallback
 .text._Z18SystemClock_Configv
                0x08001054       0x70 ./Core/Src/main.o
                0x08001054                SystemClock_Config()
 .text.startup.main
                0x080010c4      0x4f8 ./Core/Src/main.o
                0x080010c4                main
 .text.HAL_TIM_PeriodElapsedCallback
                0x080015bc       0x14 ./Core/Src/main.o
                0x080015bc                HAL_TIM_PeriodElapsedCallback
 .text.Error_Handler
                0x080015d0        0x4 ./Core/Src/main.o
                0x080015d0                Error_Handler
 .text.startup._GLOBAL__sub_I__ZN8PUTM_CAN3canE
                0x080015d4       0xb8 ./Core/Src/main.o
 .text.HAL_MspInit
                0x0800168c       0x44 ./Core/Src/stm32g4xx_hal_msp.o
                0x0800168c                HAL_MspInit
 .text.HAL_ADC_MspInit
                0x080016d0      0x1e8 ./Core/Src/stm32g4xx_hal_msp.o
                0x080016d0                HAL_ADC_MspInit
 .text.HAL_DAC_MspInit
                0x080018b8       0x94 ./Core/Src/stm32g4xx_hal_msp.o
                0x080018b8                HAL_DAC_MspInit
 .text.HAL_FDCAN_MspInit
                0x0800194c      0x14c ./Core/Src/stm32g4xx_hal_msp.o
                0x0800194c                HAL_FDCAN_MspInit
 .text.HAL_TIM_Base_MspInit
                0x08001a98       0x3c ./Core/Src/stm32g4xx_hal_msp.o
                0x08001a98                HAL_TIM_Base_MspInit
 .text.HAL_InitTick
                0x08001ad4       0x8c ./Core/Src/stm32g4xx_hal_timebase_tim.o
                0x08001ad4                HAL_InitTick
 .text.NMI_Handler
                0x08001b60        0x2 ./Core/Src/stm32g4xx_it.o
                0x08001b60                NMI_Handler
 .text.HardFault_Handler
                0x08001b62        0x2 ./Core/Src/stm32g4xx_it.o
                0x08001b62                HardFault_Handler
 .text.MemManage_Handler
                0x08001b64        0x2 ./Core/Src/stm32g4xx_it.o
                0x08001b64                MemManage_Handler
 .text.BusFault_Handler
                0x08001b66        0x2 ./Core/Src/stm32g4xx_it.o
                0x08001b66                BusFault_Handler
 .text.UsageFault_Handler
                0x08001b68        0x2 ./Core/Src/stm32g4xx_it.o
                0x08001b68                UsageFault_Handler
 .text.DebugMon_Handler
                0x08001b6a        0x2 ./Core/Src/stm32g4xx_it.o
                0x08001b6a                DebugMon_Handler
 .text.DMA1_Channel1_IRQHandler
                0x08001b6c        0xc ./Core/Src/stm32g4xx_it.o
                0x08001b6c                DMA1_Channel1_IRQHandler
 .text.DMA1_Channel2_IRQHandler
                0x08001b78        0xc ./Core/Src/stm32g4xx_it.o
                0x08001b78                DMA1_Channel2_IRQHandler
 .text.ADC1_2_IRQHandler
                0x08001b84       0x1c ./Core/Src/stm32g4xx_it.o
                0x08001b84                ADC1_2_IRQHandler
 .text.FDCAN1_IT0_IRQHandler
                0x08001ba0        0xc ./Core/Src/stm32g4xx_it.o
                0x08001ba0                FDCAN1_IT0_IRQHandler
 .text.FDCAN1_IT1_IRQHandler
                0x08001bac        0x4 ./Core/Src/stm32g4xx_it.o
                0x08001bac                FDCAN1_IT1_IRQHandler
 .text.TIM1_UP_TIM16_IRQHandler
                0x08001bb0        0xc ./Core/Src/stm32g4xx_it.o
                0x08001bb0                TIM1_UP_TIM16_IRQHandler
 .text.TIM2_IRQHandler
                0x08001bbc        0xc ./Core/Src/stm32g4xx_it.o
                0x08001bbc                TIM2_IRQHandler
 .text.FDCAN2_IT0_IRQHandler
                0x08001bc8        0xc ./Core/Src/stm32g4xx_it.o
                0x08001bc8                FDCAN2_IT0_IRQHandler
 .text.FDCAN2_IT1_IRQHandler
                0x08001bd4        0x4 ./Core/Src/stm32g4xx_it.o
                0x08001bd4                FDCAN2_IT1_IRQHandler
 .text.SystemInit
                0x08001bd8       0x1c ./Core/Src/system_stm32g4xx.o
                0x08001bd8                SystemInit
 .text._ZN2SC10update_valEv
                0x08001bf4       0xc8 ./Core/Src/interfaces/Sc.o
                0x08001bf4                SC::update_val()
 *fill*         0x08001cbc        0x4 
 .text._ZN11Tensometers10get_tens_1Ev
                0x08001cc0       0x8c ./Core/Src/interfaces/Tensometers.o
                0x08001cc0                Tensometers::get_tens_1()
 *fill*         0x08001d4c        0x4 
 .text._ZN11Tensometers10get_tens_2Ev
                0x08001d50       0x94 ./Core/Src/interfaces/Tensometers.o
                0x08001d50                Tensometers::get_tens_2()
 .text._ZN6Analog21get_steering_positionEv
                0x08001de4       0x7c ./Core/Src/interfaces/analog.o
                0x08001de4                Analog::get_steering_position()
 .text._ZN6Analog22get_steering_position2Ev
                0x08001e60       0x9c ./Core/Src/interfaces/analog.o
                0x08001e60                Analog::get_steering_position2()
 .text._ZN4Apps22get_raw_avg_apps_valueEv
                0x08001efc       0x54 ./Core/Src/interfaces/apps.o
                0x08001efc                Apps::get_raw_avg_apps_value()
 .text._ZN4Apps24get_sensors_plausibilityEii
                0x08001f50       0x5c ./Core/Src/interfaces/apps.o
                0x08001f50                Apps::get_sensors_plausibility(int, int)
 .text._ZN4Apps6hornerEPKfjf
                0x08001fac       0x24 ./Core/Src/interfaces/apps.o
                0x08001fac                Apps::horner(float const*, unsigned int, float)
 .text._ZN4Apps20apps_nonlinear_curveEiNS_16APPS_map_profileE
                0x08001fd0       0x64 ./Core/Src/interfaces/apps.o
                0x08001fd0                Apps::apps_nonlinear_curve(int, Apps::APPS_map_profile)
 .text._ZN4Apps17get_value_to_sendEv
                0x08002034       0xcc ./Core/Src/interfaces/apps.o
                0x08002034                Apps::get_value_to_send()
 .text._ZN6Brakes23get_raw_avg_press_valueEv
                0x08002100       0x54 ./Core/Src/interfaces/brakes.o
                0x08002100                Brakes::get_raw_avg_press_value()
 .text.Reset_Handler
                0x08002154       0x50 ./Core/Startup/startup_stm32g484retx.o
                0x08002154                Reset_Handler
 .text.Default_Handler
                0x080021a4        0x2 ./Core/Startup/startup_stm32g484retx.o
                0x080021a4                RTC_Alarm_IRQHandler
                0x080021a4                EXTI2_IRQHandler
                0x080021a4                TIM8_TRG_COM_IRQHandler
                0x080021a4                TIM8_CC_IRQHandler
                0x080021a4                HRTIM1_Master_IRQHandler
                0x080021a4                SPI4_IRQHandler
                0x080021a4                FDCAN3_IT0_IRQHandler
                0x080021a4                TIM1_CC_IRQHandler
                0x080021a4                HRTIM1_FLT_IRQHandler
                0x080021a4                HRTIM1_TIMF_IRQHandler
                0x080021a4                USB_HP_IRQHandler
                0x080021a4                CORDIC_IRQHandler
                0x080021a4                HRTIM1_TIMD_IRQHandler
                0x080021a4                DMA2_Channel8_IRQHandler
                0x080021a4                EXTI3_IRQHandler
                0x080021a4                I2C3_ER_IRQHandler
                0x080021a4                EXTI0_IRQHandler
                0x080021a4                I2C2_EV_IRQHandler
                0x080021a4                FPU_IRQHandler
                0x080021a4                HRTIM1_TIME_IRQHandler
                0x080021a4                SPI1_IRQHandler
                0x080021a4                TIM6_DAC_IRQHandler
                0x080021a4                HRTIM1_TIMC_IRQHandler
                0x080021a4                TIM8_UP_IRQHandler
                0x080021a4                DMA2_Channel2_IRQHandler
                0x080021a4                DMA1_Channel4_IRQHandler
                0x080021a4                TIM20_TRG_COM_IRQHandler
                0x080021a4                USART3_IRQHandler
                0x080021a4                DMA1_Channel7_IRQHandler
                0x080021a4                UART5_IRQHandler
                0x080021a4                ADC3_IRQHandler
                0x080021a4                TIM4_IRQHandler
                0x080021a4                DMA2_Channel1_IRQHandler
                0x080021a4                QUADSPI_IRQHandler
                0x080021a4                I2C1_EV_IRQHandler
                0x080021a4                DMA1_Channel6_IRQHandler
                0x080021a4                UART4_IRQHandler
                0x080021a4                DMA2_Channel4_IRQHandler
                0x080021a4                TIM3_IRQHandler
                0x080021a4                RCC_IRQHandler
                0x080021a4                TIM20_UP_IRQHandler
                0x080021a4                Default_Handler
                0x080021a4                DMA2_Channel7_IRQHandler
                0x080021a4                RTC_TAMP_LSECSS_IRQHandler
                0x080021a4                FMAC_IRQHandler
                0x080021a4                EXTI15_10_IRQHandler
                0x080021a4                DMA1_Channel8_IRQHandler
                0x080021a4                HRTIM1_TIMA_IRQHandler
                0x080021a4                TIM7_DAC_IRQHandler
                0x080021a4                FDCAN3_IT1_IRQHandler
                0x080021a4                TIM5_IRQHandler
                0x080021a4                UCPD1_IRQHandler
                0x080021a4                I2C3_EV_IRQHandler
                0x080021a4                EXTI9_5_IRQHandler
                0x080021a4                RTC_WKUP_IRQHandler
                0x080021a4                PVD_PVM_IRQHandler
                0x080021a4                SPI2_IRQHandler
                0x080021a4                ADC5_IRQHandler
                0x080021a4                DMA2_Channel5_IRQHandler
                0x080021a4                CRS_IRQHandler
                0x080021a4                DMA1_Channel5_IRQHandler
                0x080021a4                USB_LP_IRQHandler
                0x080021a4                EXTI4_IRQHandler
                0x080021a4                RNG_IRQHandler
                0x080021a4                HRTIM1_TIMB_IRQHandler
                0x080021a4                TIM1_TRG_COM_TIM17_IRQHandler
                0x080021a4                DMA1_Channel3_IRQHandler
                0x080021a4                ADC4_IRQHandler
                0x080021a4                WWDG_IRQHandler
                0x080021a4                I2C4_EV_IRQHandler
                0x080021a4                LPUART1_IRQHandler
                0x080021a4                DMA2_Channel6_IRQHandler
                0x080021a4                COMP7_IRQHandler
                0x080021a4                COMP1_2_3_IRQHandler
                0x080021a4                EXTI1_IRQHandler
                0x080021a4                AES_IRQHandler
                0x080021a4                USART2_IRQHandler
                0x080021a4                COMP4_5_6_IRQHandler
                0x080021a4                TIM20_BRK_IRQHandler
                0x080021a4                I2C2_ER_IRQHandler
                0x080021a4                TIM8_BRK_IRQHandler
                0x080021a4                FLASH_IRQHandler
                0x080021a4                TIM20_CC_IRQHandler
                0x080021a4                USART1_IRQHandler
                0x080021a4                SPI3_IRQHandler
                0x080021a4                I2C1_ER_IRQHandler
                0x080021a4                FMC_IRQHandler
                0x080021a4                LPTIM1_IRQHandler
                0x080021a4                DMAMUX_OVR_IRQHandler
                0x080021a4                I2C4_ER_IRQHandler
                0x080021a4                USBWakeUp_IRQHandler
                0x080021a4                SAI1_IRQHandler
                0x080021a4                DMA2_Channel3_IRQHandler
                0x080021a4                TIM1_BRK_TIM15_IRQHandler
 .text.HAL_Init
                0x080021a6       0x1e ./Drivers/STM32G4xx_HAL_Driver/Src/stm32g4xx_hal.o
                0x080021a6                HAL_Init
 .text.HAL_IncTick
                0x080021c4       0x18 ./Drivers/STM32G4xx_HAL_Driver/Src/stm32g4xx_hal.o
                0x080021c4                HAL_IncTick
 .text.HAL_GetTick
                0x080021dc        0xc ./Drivers/STM32G4xx_HAL_Driver/Src/stm32g4xx_hal.o
                0x080021dc                HAL_GetTick
 .text.LL_ADC_SetChannelSamplingTime
                0x080021e8       0x20 ./Drivers/STM32G4xx_HAL_Driver/Src/stm32g4xx_hal_adc.o
 .text.LL_ADC_IsEnabled
                0x08002208        0x8 ./Drivers/STM32G4xx_HAL_Driver/Src/stm32g4xx_hal_adc.o
 .text.LL_ADC_REG_IsConversionOngoing
                0x08002210        0x8 ./Drivers/STM32G4xx_HAL_Driver/Src/stm32g4xx_hal_adc.o
 .text.HAL_ADC_Init
                0x08002218      0x224 ./Drivers/STM32G4xx_HAL_Driver/Src/stm32g4xx_hal_adc.o
                0x08002218                HAL_ADC_Init
 .text.HAL_ADC_ConvHalfCpltCallback
                0x0800243c        0x2 ./Drivers/STM32G4xx_HAL_Driver/Src/stm32g4xx_hal_adc.o
                0x0800243c                HAL_ADC_ConvHalfCpltCallback
 .text.ADC_DMAHalfConvCplt
                0x0800243e        0xa ./Drivers/STM32G4xx_HAL_Driver/Src/stm32g4xx_hal_adc.o
                0x0800243e                ADC_DMAHalfConvCplt
 .text.HAL_ADC_LevelOutOfWindowCallback
                0x08002448        0x2 ./Drivers/STM32G4xx_HAL_Driver/Src/stm32g4xx_hal_adc.o
                0x08002448                HAL_ADC_LevelOutOfWindowCallback
 .text.HAL_ADC_ErrorCallback
                0x0800244a        0x2 ./Drivers/STM32G4xx_HAL_Driver/Src/stm32g4xx_hal_adc.o
                0x0800244a                HAL_ADC_ErrorCallback
 .text.HAL_ADC_IRQHandler
                0x0800244c      0x298 ./Drivers/STM32G4xx_HAL_Driver/Src/stm32g4xx_hal_adc.o
                0x0800244c                HAL_ADC_IRQHandler
 .text.ADC_DMAConvCplt
                0x080026e4       0x68 ./Drivers/STM32G4xx_HAL_Driver/Src/stm32g4xx_hal_adc.o
                0x080026e4                ADC_DMAConvCplt
 .text.ADC_DMAError
                0x0800274c       0x1a ./Drivers/STM32G4xx_HAL_Driver/Src/stm32g4xx_hal_adc.o
                0x0800274c                ADC_DMAError
 *fill*         0x08002766        0x2 
 .text.HAL_ADC_ConfigChannel
                0x08002768      0x3f0 ./Drivers/STM32G4xx_HAL_Driver/Src/stm32g4xx_hal_adc.o
                0x08002768                HAL_ADC_ConfigChannel
 .text.ADC_Enable
                0x08002b58       0xd0 ./Drivers/STM32G4xx_HAL_Driver/Src/stm32g4xx_hal_adc.o
                0x08002b58                ADC_Enable
 .text.HAL_ADC_Start_DMA
                0x08002c28      0x100 ./Drivers/STM32G4xx_HAL_Driver/Src/stm32g4xx_hal_adc.o
                0x08002c28                HAL_ADC_Start_DMA
 .text.ADC_Disable
                0x08002d28       0x6a ./Drivers/STM32G4xx_HAL_Driver/Src/stm32g4xx_hal_adc.o
                0x08002d28                ADC_Disable
 .text.LL_ADC_IsEnabled
                0x08002d92        0x8 ./Drivers/STM32G4xx_HAL_Driver/Src/stm32g4xx_hal_adc_ex.o
 .text.LL_ADC_REG_IsConversionOngoing
                0x08002d9a        0x8 ./Drivers/STM32G4xx_HAL_Driver/Src/stm32g4xx_hal_adc_ex.o
 *fill*         0x08002da2        0x2 
 .text.HAL_ADCEx_Calibration_Start
                0x08002da4       0x98 ./Drivers/STM32G4xx_HAL_Driver/Src/stm32g4xx_hal_adc_ex.o
                0x08002da4                HAL_ADCEx_Calibration_Start
 .text.HAL_ADCEx_InjectedConvCpltCallback
                0x08002e3c        0x2 ./Drivers/STM32G4xx_HAL_Driver/Src/stm32g4xx_hal_adc_ex.o
                0x08002e3c                HAL_ADCEx_InjectedConvCpltCallback
 .text.HAL_ADCEx_InjectedQueueOverflowCallback
                0x08002e3e        0x2 ./Drivers/STM32G4xx_HAL_Driver/Src/stm32g4xx_hal_adc_ex.o
                0x08002e3e                HAL_ADCEx_InjectedQueueOverflowCallback
 .text.HAL_ADCEx_LevelOutOfWindow2Callback
                0x08002e40        0x2 ./Drivers/STM32G4xx_HAL_Driver/Src/stm32g4xx_hal_adc_ex.o
                0x08002e40                HAL_ADCEx_LevelOutOfWindow2Callback
 .text.HAL_ADCEx_LevelOutOfWindow3Callback
                0x08002e42        0x2 ./Drivers/STM32G4xx_HAL_Driver/Src/stm32g4xx_hal_adc_ex.o
                0x08002e42                HAL_ADCEx_LevelOutOfWindow3Callback
 .text.HAL_ADCEx_EndOfSamplingCallback
                0x08002e44        0x2 ./Drivers/STM32G4xx_HAL_Driver/Src/stm32g4xx_hal_adc_ex.o
                0x08002e44                HAL_ADCEx_EndOfSamplingCallback
 *fill*         0x08002e46        0x2 
 .text.HAL_ADCEx_MultiModeConfigChannel
                0x08002e48      0x130 ./Drivers/STM32G4xx_HAL_Driver/Src/stm32g4xx_hal_adc_ex.o
                0x08002e48                HAL_ADCEx_MultiModeConfigChannel
 .text.HAL_NVIC_SetPriorityGrouping
                0x08002f78       0x24 ./Drivers/STM32G4xx_HAL_Driver/Src/stm32g4xx_hal_cortex.o
                0x08002f78                HAL_NVIC_SetPriorityGrouping
 .text.HAL_NVIC_SetPriority
                0x08002f9c       0x64 ./Drivers/STM32G4xx_HAL_Driver/Src/stm32g4xx_hal_cortex.o
                0x08002f9c                HAL_NVIC_SetPriority
 .text.HAL_NVIC_EnableIRQ
                0x08003000       0x1c ./Drivers/STM32G4xx_HAL_Driver/Src/stm32g4xx_hal_cortex.o
                0x08003000                HAL_NVIC_EnableIRQ
 .text.HAL_DAC_Init
                0x0800301c       0x26 ./Drivers/STM32G4xx_HAL_Driver/Src/stm32g4xx_hal_dac.o
                0x0800301c                HAL_DAC_Init
 *fill*         0x08003042        0x2 
 .text.HAL_DAC_Start
                0x08003044       0x80 ./Drivers/STM32G4xx_HAL_Driver/Src/stm32g4xx_hal_dac.o
                0x08003044                HAL_DAC_Start
 .text.HAL_DAC_SetValue
                0x080030c4       0x2c ./Drivers/STM32G4xx_HAL_Driver/Src/stm32g4xx_hal_dac.o
                0x080030c4                HAL_DAC_SetValue
 .text.HAL_DAC_ConfigChannel
                0x080030f0      0x1b8 ./Drivers/STM32G4xx_HAL_Driver/Src/stm32g4xx_hal_dac.o
                0x080030f0                HAL_DAC_ConfigChannel
 .text.DMA_SetConfig
                0x080032a8       0x34 ./Drivers/STM32G4xx_HAL_Driver/Src/stm32g4xx_hal_dma.o
 .text.DMA_CalcDMAMUXChannelBaseAndMask
                0x080032dc       0x48 ./Drivers/STM32G4xx_HAL_Driver/Src/stm32g4xx_hal_dma.o
 .text.HAL_DMA_Init
                0x08003324       0xdc ./Drivers/STM32G4xx_HAL_Driver/Src/stm32g4xx_hal_dma.o
                0x08003324                HAL_DMA_Init
 .text.HAL_DMA_Start_IT
                0x08003400       0x80 ./Drivers/STM32G4xx_HAL_Driver/Src/stm32g4xx_hal_dma.o
                0x08003400                HAL_DMA_Start_IT
 .text.HAL_DMA_IRQHandler
                0x08003480       0x94 ./Drivers/STM32G4xx_HAL_Driver/Src/stm32g4xx_hal_dma.o
                0x08003480                HAL_DMA_IRQHandler
 .text.HAL_FDCAN_Init
                0x08003514      0x1f8 ./Drivers/STM32G4xx_HAL_Driver/Src/stm32g4xx_hal_fdcan.o
                0x08003514                HAL_FDCAN_Init
 .text.HAL_FDCAN_Start
                0x0800370c       0x2c ./Drivers/STM32G4xx_HAL_Driver/Src/stm32g4xx_hal_fdcan.o
                0x0800370c                HAL_FDCAN_Start
 .text.HAL_FDCAN_AddMessageToTxFifoQ
                0x08003738       0xc8 ./Drivers/STM32G4xx_HAL_Driver/Src/stm32g4xx_hal_fdcan.o
                0x08003738                HAL_FDCAN_AddMessageToTxFifoQ
 .text.HAL_FDCAN_GetRxMessage
                0x08003800      0x104 ./Drivers/STM32G4xx_HAL_Driver/Src/stm32g4xx_hal_fdcan.o
                0x08003800                HAL_FDCAN_GetRxMessage
 .text.HAL_FDCAN_ActivateNotification
                0x08003904       0xda ./Drivers/STM32G4xx_HAL_Driver/Src/stm32g4xx_hal_fdcan.o
                0x08003904                HAL_FDCAN_ActivateNotification
 .text.HAL_FDCAN_TxEventFifoCallback
                0x080039de        0x2 ./Drivers/STM32G4xx_HAL_Driver/Src/stm32g4xx_hal_fdcan.o
                0x080039de                HAL_FDCAN_TxEventFifoCallback
 .text.HAL_FDCAN_RxFifo1Callback
                0x080039e0        0x2 ./Drivers/STM32G4xx_HAL_Driver/Src/stm32g4xx_hal_fdcan.o
                0x080039e0                HAL_FDCAN_RxFifo1Callback
 .text.HAL_FDCAN_TxFifoEmptyCallback
                0x080039e2        0x2 ./Drivers/STM32G4xx_HAL_Driver/Src/stm32g4xx_hal_fdcan.o
                0x080039e2                HAL_FDCAN_TxFifoEmptyCallback
 .text.HAL_FDCAN_TxBufferCompleteCallback
                0x080039e4        0x2 ./Drivers/STM32G4xx_HAL_Driver/Src/stm32g4xx_hal_fdcan.o
                0x080039e4                HAL_FDCAN_TxBufferCompleteCallback
 .text.HAL_FDCAN_TxBufferAbortCallback
                0x080039e6        0x2 ./Drivers/STM32G4xx_HAL_Driver/Src/stm32g4xx_hal_fdcan.o
                0x080039e6                HAL_FDCAN_TxBufferAbortCallback
 .text.HAL_FDCAN_TimestampWraparoundCallback
                0x080039e8        0x2 ./Drivers/STM32G4xx_HAL_Driver/Src/stm32g4xx_hal_fdcan.o
                0x080039e8                HAL_FDCAN_TimestampWraparoundCallback
 .text.HAL_FDCAN_TimeoutOccurredCallback
                0x080039ea        0x2 ./Drivers/STM32G4xx_HAL_Driver/Src/stm32g4xx_hal_fdcan.o
                0x080039ea                HAL_FDCAN_TimeoutOccurredCallback
 .text.HAL_FDCAN_HighPriorityMessageCallback
                0x080039ec        0x2 ./Drivers/STM32G4xx_HAL_Driver/Src/stm32g4xx_hal_fdcan.o
                0x080039ec                HAL_FDCAN_HighPriorityMessageCallback
 .text.HAL_FDCAN_ErrorCallback
                0x080039ee        0x2 ./Drivers/STM32G4xx_HAL_Driver/Src/stm32g4xx_hal_fdcan.o
                0x080039ee                HAL_FDCAN_ErrorCallback
 .text.HAL_FDCAN_ErrorStatusCallback
                0x080039f0        0x2 ./Drivers/STM32G4xx_HAL_Driver/Src/stm32g4xx_hal_fdcan.o
                0x080039f0                HAL_FDCAN_ErrorStatusCallback
 .text.HAL_FDCAN_IRQHandler
                0x080039f2      0x160 ./Drivers/STM32G4xx_HAL_Driver/Src/stm32g4xx_hal_fdcan.o
                0x080039f2                HAL_FDCAN_IRQHandler
 *fill*         0x08003b52        0x2 
 .text.HAL_GPIO_Init
                0x08003b54      0x194 ./Drivers/STM32G4xx_HAL_Driver/Src/stm32g4xx_hal_gpio.o
                0x08003b54                HAL_GPIO_Init
 .text.HAL_GPIO_ReadPin
                0x08003ce8        0xc ./Drivers/STM32G4xx_HAL_Driver/Src/stm32g4xx_hal_gpio.o
                0x08003ce8                HAL_GPIO_ReadPin
 .text.HAL_GPIO_WritePin
                0x08003cf4        0xa ./Drivers/STM32G4xx_HAL_Driver/Src/stm32g4xx_hal_gpio.o
                0x08003cf4                HAL_GPIO_WritePin
 .text.HAL_GPIO_TogglePin
                0x08003cfe       0x12 ./Drivers/STM32G4xx_HAL_Driver/Src/stm32g4xx_hal_gpio.o
                0x08003cfe                HAL_GPIO_TogglePin
 .text.HAL_IWDG_Refresh
                0x08003d10        0xc ./Drivers/STM32G4xx_HAL_Driver/Src/stm32g4xx_hal_iwdg.o
                0x08003d10                HAL_IWDG_Refresh
 .text.HAL_PWREx_ControlVoltageScaling
                0x08003d1c       0xb0 ./Drivers/STM32G4xx_HAL_Driver/Src/stm32g4xx_hal_pwr_ex.o
                0x08003d1c                HAL_PWREx_ControlVoltageScaling
 .text.HAL_PWREx_DisableUCPDDeadBattery
                0x08003dcc       0x10 ./Drivers/STM32G4xx_HAL_Driver/Src/stm32g4xx_hal_pwr_ex.o
                0x08003dcc                HAL_PWREx_DisableUCPDDeadBattery
 .text.HAL_RCC_OscConfig
                0x08003ddc      0x418 ./Drivers/STM32G4xx_HAL_Driver/Src/stm32g4xx_hal_rcc.o
                0x08003ddc                HAL_RCC_OscConfig
 .text.HAL_RCC_GetSysClockFreq
                0x080041f4       0x6c ./Drivers/STM32G4xx_HAL_Driver/Src/stm32g4xx_hal_rcc.o
                0x080041f4                HAL_RCC_GetSysClockFreq
 .text.HAL_RCC_ClockConfig
                0x08004260      0x1e8 ./Drivers/STM32G4xx_HAL_Driver/Src/stm32g4xx_hal_rcc.o
                0x08004260                HAL_RCC_ClockConfig
 .text.HAL_RCC_GetHCLKFreq
                0x08004448        0xc ./Drivers/STM32G4xx_HAL_Driver/Src/stm32g4xx_hal_rcc.o
                0x08004448                HAL_RCC_GetHCLKFreq
 .text.HAL_RCC_GetPCLK2Freq
                0x08004454       0x24 ./Drivers/STM32G4xx_HAL_Driver/Src/stm32g4xx_hal_rcc.o
                0x08004454                HAL_RCC_GetPCLK2Freq
 .text.HAL_RCC_GetClockConfig
                0x08004478       0x3c ./Drivers/STM32G4xx_HAL_Driver/Src/stm32g4xx_hal_rcc.o
                0x08004478                HAL_RCC_GetClockConfig
 .text.HAL_RCCEx_PeriphCLKConfig
                0x080044b4      0x2f0 ./Drivers/STM32G4xx_HAL_Driver/Src/stm32g4xx_hal_rcc_ex.o
                0x080044b4                HAL_RCCEx_PeriphCLKConfig
 .text.HAL_TIM_Base_Start
                0x080047a4       0x74 ./Drivers/STM32G4xx_HAL_Driver/Src/stm32g4xx_hal_tim.o
                0x080047a4                HAL_TIM_Base_Start
 .text.HAL_TIM_Base_Start_IT
                0x08004818       0x7c ./Drivers/STM32G4xx_HAL_Driver/Src/stm32g4xx_hal_tim.o
                0x08004818                HAL_TIM_Base_Start_IT
 .text.HAL_TIM_OC_DelayElapsedCallback
                0x08004894        0x2 ./Drivers/STM32G4xx_HAL_Driver/Src/stm32g4xx_hal_tim.o
                0x08004894                HAL_TIM_OC_DelayElapsedCallback
 .text.HAL_TIM_IC_CaptureCallback
                0x08004896        0x2 ./Drivers/STM32G4xx_HAL_Driver/Src/stm32g4xx_hal_tim.o
                0x08004896                HAL_TIM_IC_CaptureCallback
 .text.HAL_TIM_PWM_PulseFinishedCallback
                0x08004898        0x2 ./Drivers/STM32G4xx_HAL_Driver/Src/stm32g4xx_hal_tim.o
                0x08004898                HAL_TIM_PWM_PulseFinishedCallback
 .text.HAL_TIM_TriggerCallback
                0x0800489a        0x2 ./Drivers/STM32G4xx_HAL_Driver/Src/stm32g4xx_hal_tim.o
                0x0800489a                HAL_TIM_TriggerCallback
 .text.HAL_TIM_IRQHandler
                0x0800489c      0x19e ./Drivers/STM32G4xx_HAL_Driver/Src/stm32g4xx_hal_tim.o
                0x0800489c                HAL_TIM_IRQHandler
 *fill*         0x08004a3a        0x2 
 .text.TIM_Base_SetConfig
                0x08004a3c       0xc0 ./Drivers/STM32G4xx_HAL_Driver/Src/stm32g4xx_hal_tim.o
                0x08004a3c                TIM_Base_SetConfig
 .text.HAL_TIM_Base_Init
                0x08004afc       0x60 ./Drivers/STM32G4xx_HAL_Driver/Src/stm32g4xx_hal_tim.o
                0x08004afc                HAL_TIM_Base_Init
 .text.TIM_ETR_SetConfig
                0x08004b5c       0x14 ./Drivers/STM32G4xx_HAL_Driver/Src/stm32g4xx_hal_tim.o
                0x08004b5c                TIM_ETR_SetConfig
 .text.HAL_TIM_ConfigClockSource
                0x08004b70      0x194 ./Drivers/STM32G4xx_HAL_Driver/Src/stm32g4xx_hal_tim.o
                0x08004b70                HAL_TIM_ConfigClockSource
 .text.HAL_TIMEx_MasterConfigSynchronization
                0x08004d04       0xa0 ./Drivers/STM32G4xx_HAL_Driver/Src/stm32g4xx_hal_tim_ex.o
                0x08004d04                HAL_TIMEx_MasterConfigSynchronization
 .text.HAL_TIMEx_CommutCallback
                0x08004da4        0x2 ./Drivers/STM32G4xx_HAL_Driver/Src/stm32g4xx_hal_tim_ex.o
                0x08004da4                HAL_TIMEx_CommutCallback
 .text.HAL_TIMEx_BreakCallback
                0x08004da6        0x2 ./Drivers/STM32G4xx_HAL_Driver/Src/stm32g4xx_hal_tim_ex.o
                0x08004da6                HAL_TIMEx_BreakCallback
 .text.HAL_TIMEx_Break2Callback
                0x08004da8        0x2 ./Drivers/STM32G4xx_HAL_Driver/Src/stm32g4xx_hal_tim_ex.o
                0x08004da8                HAL_TIMEx_Break2Callback
 .text.HAL_TIMEx_EncoderIndexCallback
                0x08004daa        0x2 ./Drivers/STM32G4xx_HAL_Driver/Src/stm32g4xx_hal_tim_ex.o
                0x08004daa                HAL_TIMEx_EncoderIndexCallback
 .text.HAL_TIMEx_DirectionChangeCallback
                0x08004dac        0x2 ./Drivers/STM32G4xx_HAL_Driver/Src/stm32g4xx_hal_tim_ex.o
                0x08004dac                HAL_TIMEx_DirectionChangeCallback
 .text.HAL_TIMEx_IndexErrorCallback
                0x08004dae        0x2 ./Drivers/STM32G4xx_HAL_Driver/Src/stm32g4xx_hal_tim_ex.o
                0x08004dae                HAL_TIMEx_IndexErrorCallback
 .text.HAL_TIMEx_TransitionErrorCallback
                0x08004db0        0x2 ./Drivers/STM32G4xx_HAL_Driver/Src/stm32g4xx_hal_tim_ex.o
                0x08004db0                HAL_TIMEx_TransitionErrorCallback
 .text.SysTick_Handler
                0x08004db2       0x1a ./Middlewares/Third_Party/FreeRTOS/Source/CMSIS_RTOS_V2/cmsis_os2.o
                0x08004db2                SysTick_Handler
 .text.osKernelInitialize
                0x08004dcc       0x24 ./Middlewares/Third_Party/FreeRTOS/Source/CMSIS_RTOS_V2/cmsis_os2.o
                0x08004dcc                osKernelInitialize
 .text.osKernelStart
                0x08004df0       0x34 ./Middlewares/Third_Party/FreeRTOS/Source/CMSIS_RTOS_V2/cmsis_os2.o
                0x08004df0                osKernelStart
 .text.osThreadNew
                0x08004e24       0x88 ./Middlewares/Third_Party/FreeRTOS/Source/CMSIS_RTOS_V2/cmsis_os2.o
                0x08004e24                osThreadNew
 .text.osDelay  0x08004eac       0x18 ./Middlewares/Third_Party/FreeRTOS/Source/CMSIS_RTOS_V2/cmsis_os2.o
                0x08004eac                osDelay
 .text.vApplicationGetIdleTaskMemory
                0x08004ec4       0x18 ./Middlewares/Third_Party/FreeRTOS/Source/CMSIS_RTOS_V2/cmsis_os2.o
                0x08004ec4                vApplicationGetIdleTaskMemory
 .text.vApplicationGetTimerTaskMemory
                0x08004edc       0x18 ./Middlewares/Third_Party/FreeRTOS/Source/CMSIS_RTOS_V2/cmsis_os2.o
                0x08004edc                vApplicationGetTimerTaskMemory
 .text.vListInitialise
                0x08004ef4       0x16 ./Middlewares/Third_Party/FreeRTOS/Source/list.o
                0x08004ef4                vListInitialise
 .text.vListInitialiseItem
                0x08004f0a        0x6 ./Middlewares/Third_Party/FreeRTOS/Source/list.o
                0x08004f0a                vListInitialiseItem
 .text.vListInsertEnd
                0x08004f10       0x16 ./Middlewares/Third_Party/FreeRTOS/Source/list.o
                0x08004f10                vListInsertEnd
 .text.vListInsert
                0x08004f26       0x2e ./Middlewares/Third_Party/FreeRTOS/Source/list.o
                0x08004f26                vListInsert
 .text.uxListRemove
                0x08004f54       0x20 ./Middlewares/Third_Party/FreeRTOS/Source/list.o
                0x08004f54                uxListRemove
 .text.prvIsQueueEmpty
                0x08004f74       0x16 ./Middlewares/Third_Party/FreeRTOS/Source/queue.o
 .text.prvCopyDataToQueue
                0x08004f8a       0x66 ./Middlewares/Third_Party/FreeRTOS/Source/queue.o
 .text.prvCopyDataFromQueue
                0x08004ff0       0x2c ./Middlewares/Third_Party/FreeRTOS/Source/queue.o
 .text.prvUnlockQueue
                0x0800501c       0x6c ./Middlewares/Third_Party/FreeRTOS/Source/queue.o
 .text.xQueueGenericReset
                0x08005088       0x7e ./Middlewares/Third_Party/FreeRTOS/Source/queue.o
                0x08005088                xQueueGenericReset
 .text.xQueueGenericCreateStatic
                0x08005106       0x9c ./Middlewares/Third_Party/FreeRTOS/Source/queue.o
                0x08005106                xQueueGenericCreateStatic
 .text.xQueueGenericSend
                0x080051a2      0x164 ./Middlewares/Third_Party/FreeRTOS/Source/queue.o
                0x080051a2                xQueueGenericSend
 .text.xQueueGenericSendFromISR
                0x08005306       0xba ./Middlewares/Third_Party/FreeRTOS/Source/queue.o
                0x08005306                xQueueGenericSendFromISR
 .text.xQueueReceive
                0x080053c0      0x13c ./Middlewares/Third_Party/FreeRTOS/Source/queue.o
                0x080053c0                xQueueReceive
 .text.vQueueAddToRegistry
                0x080054fc       0x24 ./Middlewares/Third_Party/FreeRTOS/Source/queue.o
                0x080054fc                vQueueAddToRegistry
 .text.vQueueWaitForMessageRestricted
                0x08005520       0x46 ./Middlewares/Third_Party/FreeRTOS/Source/queue.o
                0x08005520                vQueueWaitForMessageRestricted
 *fill*         0x08005566        0x2 
 .text.prvAddNewTaskToReadyList
                0x08005568      0x100 ./Middlewares/Third_Party/FreeRTOS/Source/tasks.o
 .text.prvAddCurrentTaskToDelayedList
                0x08005668       0x70 ./Middlewares/Third_Party/FreeRTOS/Source/tasks.o
 .text.prvResetNextTaskUnblockTime
                0x080056d8       0x24 ./Middlewares/Third_Party/FreeRTOS/Source/tasks.o
 .text.prvDeleteTCB
                0x080056fc       0x3c ./Middlewares/Third_Party/FreeRTOS/Source/tasks.o
 .text.prvIdleTask
                0x08005738       0x60 ./Middlewares/Third_Party/FreeRTOS/Source/tasks.o
 .text.prvInitialiseNewTask.constprop.0
                0x08005798       0xb8 ./Middlewares/Third_Party/FreeRTOS/Source/tasks.o
 .text.xTaskCreateStatic
                0x08005850       0x70 ./Middlewares/Third_Party/FreeRTOS/Source/tasks.o
                0x08005850                xTaskCreateStatic
 .text.xTaskCreate
                0x080058c0       0x5c ./Middlewares/Third_Party/FreeRTOS/Source/tasks.o
                0x080058c0                xTaskCreate
 .text.vTaskStartScheduler
                0x0800591c       0xa0 ./Middlewares/Third_Party/FreeRTOS/Source/tasks.o
                0x0800591c                vTaskStartScheduler
 .text.vTaskSuspendAll
                0x080059bc       0x10 ./Middlewares/Third_Party/FreeRTOS/Source/tasks.o
                0x080059bc                vTaskSuspendAll
 .text.xTaskGetTickCount
                0x080059cc        0xc ./Middlewares/Third_Party/FreeRTOS/Source/tasks.o
                0x080059cc                xTaskGetTickCount
 .text.xTaskIncrementTick
                0x080059d8      0x12c ./Middlewares/Third_Party/FreeRTOS/Source/tasks.o
                0x080059d8                xTaskIncrementTick
 .text.xTaskResumeAll
                0x08005b04       0xe8 ./Middlewares/Third_Party/FreeRTOS/Source/tasks.o
                0x08005b04                xTaskResumeAll
 .text.vTaskDelay
                0x08005bec       0x48 ./Middlewares/Third_Party/FreeRTOS/Source/tasks.o
                0x08005bec                vTaskDelay
 .text.vTaskSwitchContext
                0x08005c34       0x80 ./Middlewares/Third_Party/FreeRTOS/Source/tasks.o
                0x08005c34                vTaskSwitchContext
 .text.vTaskPlaceOnEventList
                0x08005cb4       0x34 ./Middlewares/Third_Party/FreeRTOS/Source/tasks.o
                0x08005cb4                vTaskPlaceOnEventList
 .text.vTaskPlaceOnEventListRestricted
                0x08005ce8       0x3c ./Middlewares/Third_Party/FreeRTOS/Source/tasks.o
                0x08005ce8                vTaskPlaceOnEventListRestricted
 .text.xTaskRemoveFromEventList
                0x08005d24       0x80 ./Middlewares/Third_Party/FreeRTOS/Source/tasks.o
                0x08005d24                xTaskRemoveFromEventList
 .text.vTaskInternalSetTimeOutState
                0x08005da4       0x18 ./Middlewares/Third_Party/FreeRTOS/Source/tasks.o
                0x08005da4                vTaskInternalSetTimeOutState
 .text.xTaskCheckForTimeOut
                0x08005dbc       0x78 ./Middlewares/Third_Party/FreeRTOS/Source/tasks.o
                0x08005dbc                xTaskCheckForTimeOut
 .text.vTaskMissedYield
                0x08005e34        0xc ./Middlewares/Third_Party/FreeRTOS/Source/tasks.o
                0x08005e34                vTaskMissedYield
 .text.xTaskGetSchedulerState
                0x08005e40       0x20 ./Middlewares/Third_Party/FreeRTOS/Source/tasks.o
                0x08005e40                xTaskGetSchedulerState
 .text.xTaskPriorityDisinherit
                0x08005e60       0x84 ./Middlewares/Third_Party/FreeRTOS/Source/tasks.o
                0x08005e60                xTaskPriorityDisinherit
 .text.prvInsertTimerInActiveList
                0x08005ee4       0x3c ./Middlewares/Third_Party/FreeRTOS/Source/timers.o
 .text.prvCheckForValidListAndQueue
                0x08005f20       0x68 ./Middlewares/Third_Party/FreeRTOS/Source/timers.o
 .text.xTimerCreateTimerTask
                0x08005f88       0x64 ./Middlewares/Third_Party/FreeRTOS/Source/timers.o
                0x08005f88                xTimerCreateTimerTask
 .text.xTimerGenericCommand
                0x08005fec       0x58 ./Middlewares/Third_Party/FreeRTOS/Source/timers.o
                0x08005fec                xTimerGenericCommand
 .text.prvSampleTimeNow
                0x08006044       0xa4 ./Middlewares/Third_Party/FreeRTOS/Source/timers.o
 .text.prvTimerTask
                0x080060e8      0x1cc ./Middlewares/Third_Party/FreeRTOS/Source/timers.o
 .text.prvPortStartFirstTask
                0x080062b4       0x28 ./Middlewares/Third_Party/FreeRTOS/Source/portable/GCC/ARM_CM4F/port.o
 .text.vPortEnableVFP
                0x080062dc       0x14 ./Middlewares/Third_Party/FreeRTOS/Source/portable/GCC/ARM_CM4F/port.o
 .text.prvTaskExitError
                0x080062f0       0x40 ./Middlewares/Third_Party/FreeRTOS/Source/portable/GCC/ARM_CM4F/port.o
 .text.pxPortInitialiseStack
                0x08006330       0x2c ./Middlewares/Third_Party/FreeRTOS/Source/portable/GCC/ARM_CM4F/port.o
                0x08006330                pxPortInitialiseStack
 *fill*         0x0800635c        0x4 
 .text.SVC_Handler
                0x08006360       0x24 ./Middlewares/Third_Party/FreeRTOS/Source/portable/GCC/ARM_CM4F/port.o
                0x08006360                SVC_Handler
 .text.vPortEnterCritical
                0x08006384       0x40 ./Middlewares/Third_Party/FreeRTOS/Source/portable/GCC/ARM_CM4F/port.o
                0x08006384                vPortEnterCritical
 .text.vPortExitCritical
                0x080063c4       0x28 ./Middlewares/Third_Party/FreeRTOS/Source/portable/GCC/ARM_CM4F/port.o
                0x080063c4                vPortExitCritical
 *fill*         0x080063ec        0x4 
 .text.PendSV_Handler
                0x080063f0       0x64 ./Middlewares/Third_Party/FreeRTOS/Source/portable/GCC/ARM_CM4F/port.o
                0x080063f0                PendSV_Handler
 .text.xPortSysTickHandler
                0x08006454       0x2c ./Middlewares/Third_Party/FreeRTOS/Source/portable/GCC/ARM_CM4F/port.o
                0x08006454                xPortSysTickHandler
 .text.vPortSetupTimerInterrupt
                0x08006480       0x24 ./Middlewares/Third_Party/FreeRTOS/Source/portable/GCC/ARM_CM4F/port.o
                0x08006480                vPortSetupTimerInterrupt
 .text.xPortStartScheduler
                0x080064a4      0x104 ./Middlewares/Third_Party/FreeRTOS/Source/portable/GCC/ARM_CM4F/port.o
                0x080064a4                xPortStartScheduler
 .text.vPortValidateInterruptPriority
                0x080065a8       0x5c ./Middlewares/Third_Party/FreeRTOS/Source/portable/GCC/ARM_CM4F/port.o
                0x080065a8                vPortValidateInterruptPriority
 .text.prvInsertBlockIntoFreeList
                0x08006604       0x4c ./Middlewares/Third_Party/FreeRTOS/Source/portable/MemMang/heap_4.o
 .text.pvPortMalloc
                0x08006650      0x130 ./Middlewares/Third_Party/FreeRTOS/Source/portable/MemMang/heap_4.o
                0x08006650                pvPortMalloc
 .text.vPortFree
                0x08006780       0x7c ./Middlewares/Third_Party/FreeRTOS/Source/portable/MemMang/heap_4.o
                0x08006780                vPortFree
 .text.round    0x080067fc       0x8c C:/ST/STM32CubeIDE_1.18.0/STM32CubeIDE/plugins/com.st.stm32cube.ide.mcu.externaltools.gnu-tools-for-stm32.13.3.rel1.win32_1.0.0.202411081344/tools/bin/../lib/gcc/arm-none-eabi/13.3.1/../../../../arm-none-eabi/lib/thumb/v7e-m+fp/hard\libm.a(libm_a-s_round.o)
                0x080067fc                round
 .text.roundf   0x08006888       0x48 C:/ST/STM32CubeIDE_1.18.0/STM32CubeIDE/plugins/com.st.stm32cube.ide.mcu.externaltools.gnu-tools-for-stm32.13.3.rel1.win32_1.0.0.202411081344/tools/bin/../lib/gcc/arm-none-eabi/13.3.1/../../../../arm-none-eabi/lib/thumb/v7e-m+fp/hard\libm.a(libm_a-sf_round.o)
                0x08006888                roundf
 .text.memset   0x080068d0       0x10 C:/ST/STM32CubeIDE_1.18.0/STM32CubeIDE/plugins/com.st.stm32cube.ide.mcu.externaltools.gnu-tools-for-stm32.13.3.rel1.win32_1.0.0.202411081344/tools/bin/../lib/gcc/arm-none-eabi/13.3.1/../../../../arm-none-eabi/lib/thumb/v7e-m+fp/hard\libc_nano.a(libc_a-memset.o)
                0x080068d0                memset
 .text._reclaim_reent
                0x080068e0       0xbc C:/ST/STM32CubeIDE_1.18.0/STM32CubeIDE/plugins/com.st.stm32cube.ide.mcu.externaltools.gnu-tools-for-stm32.13.3.rel1.win32_1.0.0.202411081344/tools/bin/../lib/gcc/arm-none-eabi/13.3.1/../../../../arm-none-eabi/lib/thumb/v7e-m+fp/hard\libc_nano.a(libc_a-reent.o)
                0x080068e0                _reclaim_reent
 .text.__libc_init_array
                0x0800699c       0x48 C:/ST/STM32CubeIDE_1.18.0/STM32CubeIDE/plugins/com.st.stm32cube.ide.mcu.externaltools.gnu-tools-for-stm32.13.3.rel1.win32_1.0.0.202411081344/tools/bin/../lib/gcc/arm-none-eabi/13.3.1/../../../../arm-none-eabi/lib/thumb/v7e-m+fp/hard\libc_nano.a(libc_a-init.o)
                0x0800699c                __libc_init_array
 .text.__retarget_lock_acquire_recursive
                0x080069e4        0x2 C:/ST/STM32CubeIDE_1.18.0/STM32CubeIDE/plugins/com.st.stm32cube.ide.mcu.externaltools.gnu-tools-for-stm32.13.3.rel1.win32_1.0.0.202411081344/tools/bin/../lib/gcc/arm-none-eabi/13.3.1/../../../../arm-none-eabi/lib/thumb/v7e-m+fp/hard\libc_nano.a(libc_a-lock.o)
                0x080069e4                __retarget_lock_acquire_recursive
 .text.__retarget_lock_release_recursive
                0x080069e6        0x2 C:/ST/STM32CubeIDE_1.18.0/STM32CubeIDE/plugins/com.st.stm32cube.ide.mcu.externaltools.gnu-tools-for-stm32.13.3.rel1.win32_1.0.0.202411081344/tools/bin/../lib/gcc/arm-none-eabi/13.3.1/../../../../arm-none-eabi/lib/thumb/v7e-m+fp/hard\libc_nano.a(libc_a-lock.o)
                0x080069e6                __retarget_lock_release_recursive
 .text.memcpy   0x080069e8       0x1c C:/ST/STM32CubeIDE_1.18.0/STM32CubeIDE/plugins/com.st.stm32cube.ide.mcu.externaltools.gnu-tools-for-stm32.13.3.rel1.win32_1.0.0.202411081344/tools/bin/../lib/gcc/arm-none-eabi/13.3.1/../../../../arm-none-eabi/lib/thumb/v7e-m+fp/hard\libc_nano.a(libc_a-memcpy-stub.o)
                0x080069e8                memcpy
 .text._free_r  0x08006a04       0x94 C:/ST/STM32CubeIDE_1.18.0/STM32CubeIDE/plugins/com.st.stm32cube.ide.mcu.externaltools.gnu-tools-for-stm32.13.3.rel1.win32_1.0.0.202411081344/tools/bin/../lib/gcc/arm-none-eabi/13.3.1/../../../../arm-none-eabi/lib/thumb/v7e-m+fp/hard\libc_nano.a(libc_a-freer.o)
                0x08006a04                _free_r
 .text.__malloc_lock
                0x08006a98        0xc C:/ST/STM32CubeIDE_1.18.0/STM32CubeIDE/plugins/com.st.stm32cube.ide.mcu.externaltools.gnu-tools-for-stm32.13.3.rel1.win32_1.0.0.202411081344/tools/bin/../lib/gcc/arm-none-eabi/13.3.1/../../../../arm-none-eabi/lib/thumb/v7e-m+fp/hard\libc_nano.a(libc_a-mlock.o)
                0x08006a98                __malloc_lock
 .text.__malloc_unlock
                0x08006aa4        0xc C:/ST/STM32CubeIDE_1.18.0/STM32CubeIDE/plugins/com.st.stm32cube.ide.mcu.externaltools.gnu-tools-for-stm32.13.3.rel1.win32_1.0.0.202411081344/tools/bin/../lib/gcc/arm-none-eabi/13.3.1/../../../../arm-none-eabi/lib/thumb/v7e-m+fp/hard\libc_nano.a(libc_a-mlock.o)
                0x08006aa4                __malloc_unlock
 *(.glue_7)
 .glue_7        0x08006ab0        0x0 linker stubs
 *(.glue_7t)
 .glue_7t       0x08006ab0        0x0 linker stubs
 *(.eh_frame)
 .eh_frame      0x08006ab0        0x0 C:/ST/STM32CubeIDE_1.18.0/STM32CubeIDE/plugins/com.st.stm32cube.ide.mcu.externaltools.gnu-tools-for-stm32.13.3.rel1.win32_1.0.0.202411081344/tools/bin/../lib/gcc/arm-none-eabi/13.3.1/thumb/v7e-m+fp/hard/crtbegin.o
 *(.init)
 .init          0x08006ab0        0x4 C:/ST/STM32CubeIDE_1.18.0/STM32CubeIDE/plugins/com.st.stm32cube.ide.mcu.externaltools.gnu-tools-for-stm32.13.3.rel1.win32_1.0.0.202411081344/tools/bin/../lib/gcc/arm-none-eabi/13.3.1/thumb/v7e-m+fp/hard/crti.o
                0x08006ab0                _init
 .init          0x08006ab4        0x8 C:/ST/STM32CubeIDE_1.18.0/STM32CubeIDE/plugins/com.st.stm32cube.ide.mcu.externaltools.gnu-tools-for-stm32.13.3.rel1.win32_1.0.0.202411081344/tools/bin/../lib/gcc/arm-none-eabi/13.3.1/thumb/v7e-m+fp/hard/crtn.o
 *(.fini)
 .fini          0x08006abc        0x4 C:/ST/STM32CubeIDE_1.18.0/STM32CubeIDE/plugins/com.st.stm32cube.ide.mcu.externaltools.gnu-tools-for-stm32.13.3.rel1.win32_1.0.0.202411081344/tools/bin/../lib/gcc/arm-none-eabi/13.3.1/thumb/v7e-m+fp/hard/crti.o
                0x08006abc                _fini
 .fini          0x08006ac0        0x8 C:/ST/STM32CubeIDE_1.18.0/STM32CubeIDE/plugins/com.st.stm32cube.ide.mcu.externaltools.gnu-tools-for-stm32.13.3.rel1.win32_1.0.0.202411081344/tools/bin/../lib/gcc/arm-none-eabi/13.3.1/thumb/v7e-m+fp/hard/crtn.o
                0x08006ac8                        . = ALIGN (0x4)
                0x08006ac8                        _etext = .

.vfp11_veneer   0x08006ac8        0x0
 .vfp11_veneer  0x08006ac8        0x0 linker stubs

.v4_bx          0x08006ac8        0x0
 .v4_bx         0x08006ac8        0x0 linker stubs

.iplt           0x08006ac8        0x0
 .iplt          0x08006ac8        0x0 C:/ST/STM32CubeIDE_1.18.0/STM32CubeIDE/plugins/com.st.stm32cube.ide.mcu.externaltools.gnu-tools-for-stm32.13.3.rel1.win32_1.0.0.202411081344/tools/bin/../lib/gcc/arm-none-eabi/13.3.1/thumb/v7e-m+fp/hard/crtbegin.o

.rodata         0x08006ac8      0x274
                0x08006ac8                        . = ALIGN (0x4)
 *(.rodata)
 .rodata        0x08006ac8       0x50 ./Core/Src/interfaces/apps.o
 *(.rodata*)
 .rodata._ZTVN8PUTM_CAN6DeviceINS_11DriverInputEEE
                0x08006b18        0xc ./Core/Src/main.o
                0x08006b18                vtable for PUTM_CAN::Device<PUTM_CAN::DriverInput>
 .rodata._ZTVN8PUTM_CAN6DeviceINS_9DashboardEEE
                0x08006b24        0xc ./Core/Src/main.o
                0x08006b24                vtable for PUTM_CAN::Device<PUTM_CAN::Dashboard>
 .rodata._ZTVN8PUTM_CAN6DeviceINS_25AmkFrontLeftActualValues1EEE
                0x08006b30        0xc ./Core/Src/main.o
                0x08006b30                vtable for PUTM_CAN::Device<PUTM_CAN::AmkFrontLeftActualValues1>
 .rodata._ZTVN8PUTM_CAN6DeviceINS_26AmkFrontRightActualValues1EEE
                0x08006b3c        0xc ./Core/Src/main.o
                0x08006b3c                vtable for PUTM_CAN::Device<PUTM_CAN::AmkFrontRightActualValues1>
 .rodata._ZTVN8PUTM_CAN6DeviceINS_24AmkRearLeftActualValues1EEE
                0x08006b48        0xc ./Core/Src/main.o
                0x08006b48                vtable for PUTM_CAN::Device<PUTM_CAN::AmkRearLeftActualValues1>
 .rodata._ZTVN8PUTM_CAN6DeviceINS_25AmkRearRightActualValues1EEE
                0x08006b54        0xc ./Core/Src/main.o
                0x08006b54                vtable for PUTM_CAN::Device<PUTM_CAN::AmkRearRightActualValues1>
 .rodata._ZTVN8PUTM_CAN6DeviceINS_25AmkFrontLeftActualValues2EEE
                0x08006b60        0xc ./Core/Src/main.o
                0x08006b60                vtable for PUTM_CAN::Device<PUTM_CAN::AmkFrontLeftActualValues2>
 .rodata._ZTVN8PUTM_CAN6DeviceINS_26AmkFrontRightActualValues2EEE
                0x08006b6c        0xc ./Core/Src/main.o
                0x08006b6c                vtable for PUTM_CAN::Device<PUTM_CAN::AmkFrontRightActualValues2>
 .rodata._ZTVN8PUTM_CAN6DeviceINS_24AmkRearLeftActualValues2EEE
                0x08006b78        0xc ./Core/Src/main.o
                0x08006b78                vtable for PUTM_CAN::Device<PUTM_CAN::AmkRearLeftActualValues2>
 .rodata._ZTVN8PUTM_CAN6DeviceINS_25AmkRearRightActualValues2EEE
                0x08006b84        0xc ./Core/Src/main.o
                0x08006b84                vtable for PUTM_CAN::Device<PUTM_CAN::AmkRearRightActualValues2>
 .rodata._ZTVN8PUTM_CAN6DeviceINS_22AmkFrontLeftSetpoints1EEE
                0x08006b90        0xc ./Core/Src/main.o
                0x08006b90                vtable for PUTM_CAN::Device<PUTM_CAN::AmkFrontLeftSetpoints1>
 .rodata._ZTVN8PUTM_CAN6DeviceINS_23AmkFrontRightSetpoints1EEE
                0x08006b9c        0xc ./Core/Src/main.o
                0x08006b9c                vtable for PUTM_CAN::Device<PUTM_CAN::AmkFrontRightSetpoints1>
 .rodata._ZTVN8PUTM_CAN6DeviceINS_21AmkRearLeftSetpoints1EEE
                0x08006ba8        0xc ./Core/Src/main.o
                0x08006ba8                vtable for PUTM_CAN::Device<PUTM_CAN::AmkRearLeftSetpoints1>
 .rodata._ZTVN8PUTM_CAN6DeviceINS_22AmkRearRightSetpoints1EEE
                0x08006bb4        0xc ./Core/Src/main.o
                0x08006bb4                vtable for PUTM_CAN::Device<PUTM_CAN::AmkRearRightSetpoints1>
 .rodata._ZTVN8PUTM_CAN6DeviceINS_13RearboxSafetyEEE
                0x08006bc0        0xc ./Core/Src/main.o
                0x08006bc0                vtable for PUTM_CAN::Device<PUTM_CAN::RearboxSafety>
 .rodata._ZTVN8PUTM_CAN6DeviceINS_18RearboxTemperatureEEE
                0x08006bcc        0xc ./Core/Src/main.o
                0x08006bcc                vtable for PUTM_CAN::Device<PUTM_CAN::RearboxTemperature>
 .rodata._ZTVN8PUTM_CAN6DeviceINS_20RearboxMiscellaneousEEE
                0x08006bd8        0xc ./Core/Src/main.o
                0x08006bd8                vtable for PUTM_CAN::Device<PUTM_CAN::RearboxMiscellaneous>
 .rodata._ZTVN8PUTM_CAN6DeviceINS_10PcMainDataEEE
                0x08006be4        0xc ./Core/Src/main.o
                0x08006be4                vtable for PUTM_CAN::Device<PUTM_CAN::PcMainData>
 .rodata._ZTVN8PUTM_CAN6DeviceINS_14PcLapTimerDataEEE
                0x08006bf0        0xc ./Core/Src/main.o
                0x08006bf0                vtable for PUTM_CAN::Device<PUTM_CAN::PcLapTimerData>
 .rodata._ZTVN8PUTM_CAN6DeviceINS_17PcTemperatureDataEEE
                0x08006bfc        0xc ./Core/Src/main.o
                0x08006bfc                vtable for PUTM_CAN::Device<PUTM_CAN::PcTemperatureData>
 .rodata._ZTVN8PUTM_CAN6DeviceINS_10PduChannelEEE
                0x08006c08        0xc ./Core/Src/main.o
                0x08006c08                vtable for PUTM_CAN::Device<PUTM_CAN::PduChannel>
 .rodata._ZTVN8PUTM_CAN6DeviceINS_7PduDataEEE
                0x08006c14        0xc ./Core/Src/main.o
                0x08006c14                vtable for PUTM_CAN::Device<PUTM_CAN::PduData>
 .rodata._ZTVN8PUTM_CAN6DeviceINS_9FrontDataEEE
                0x08006c20        0xc ./Core/Src/main.o
                0x08006c20                vtable for PUTM_CAN::Device<PUTM_CAN::FrontData>
 .rodata._ZTVN8PUTM_CAN6DeviceINS_11BMS_HV_mainEEE
                0x08006c2c        0xc ./Core/Src/main.o
                0x08006c2c                vtable for PUTM_CAN::Device<PUTM_CAN::BMS_HV_main>
 .rodata._ZTVN8PUTM_CAN6DeviceINS_11BMS_LV_mainEEE
                0x08006c38        0xc ./Core/Src/main.o
                0x08006c38                vtable for PUTM_CAN::Device<PUTM_CAN::BMS_LV_main>
 .rodata._ZTVN8PUTM_CAN6DeviceINS_18BMS_LV_temperatureEEE
                0x08006c44        0xc ./Core/Src/main.o
                0x08006c44                vtable for PUTM_CAN::Device<PUTM_CAN::BMS_LV_temperature>
 .rodata._ZTVN8PUTM_CAN6DeviceINS_16DataLoggerStatusEEE
                0x08006c50        0xc ./Core/Src/main.o
                0x08006c50                vtable for PUTM_CAN::Device<PUTM_CAN::DataLoggerStatus>
 .rodata.str1.1
                0x08006c5c       0x25 ./Core/Src/main.o
                                 0x13 (size before relaxing)
 *fill*         0x08006c81        0x3 
 .rodata._ZL20BlinkTask_attributes
                0x08006c84       0x24 ./Core/Src/main.o
 .rodata._ZL19MainTask_attributes
                0x08006ca8       0x24 ./Core/Src/main.o
 .rodata._ZN8PUTM_CANL24can_tx_header_FRONT_DATAE
                0x08006ccc       0x24 ./Core/Src/main.o
 .rodata._ZN8PUTM_CANL26can_tx_header_DRIVER_INPUTE
                0x08006cf0       0x24 ./Core/Src/main.o
 .rodata.APBPrescTable
                0x08006d14        0x8 ./Core/Src/system_stm32g4xx.o
                0x08006d14                APBPrescTable
 .rodata.AHBPrescTable
                0x08006d1c       0x10 ./Core/Src/system_stm32g4xx.o
                0x08006d1c                AHBPrescTable
 .rodata.DLCtoBytes
                0x08006d2c       0x10 ./Drivers/STM32G4xx_HAL_Driver/Src/stm32g4xx_hal_fdcan.o
 .rodata.vTaskStartScheduler.str1.1
                0x08006d3c        0x5 ./Middlewares/Third_Party/FreeRTOS/Source/tasks.o
 .rodata.prvCheckForValidListAndQueue.str1.1
                0x08006d3c        0x5 ./Middlewares/Third_Party/FreeRTOS/Source/timers.o
 .rodata.xTimerCreateTimerTask.str1.1
                0x08006d3c        0x8 ./Middlewares/Third_Party/FreeRTOS/Source/timers.o
                0x08006d44                        . = ALIGN (0x4)

.rel.dyn        0x08006d3c        0x0
 .rel.iplt      0x08006d3c        0x0 C:/ST/STM32CubeIDE_1.18.0/STM32CubeIDE/plugins/com.st.stm32cube.ide.mcu.externaltools.gnu-tools-for-stm32.13.3.rel1.win32_1.0.0.202411081344/tools/bin/../lib/gcc/arm-none-eabi/13.3.1/thumb/v7e-m+fp/hard/crtbegin.o

.ARM.extab      0x08006d3c        0x0
                0x08006d3c                        . = ALIGN (0x4)
 *(.ARM.extab* .gnu.linkonce.armextab.*)
                0x08006d3c                        . = ALIGN (0x4)

.ARM            0x08006d3c        0x0
                0x08006d3c                        . = ALIGN (0x4)
                0x08006d3c                        __exidx_start = .
 *(.ARM.exidx*)
                0x08006d3c                        __exidx_end = .
                0x08006d3c                        . = ALIGN (0x4)

.preinit_array  0x08006d3c        0x0
                0x08006d3c                        . = ALIGN (0x4)
                0x08006d3c                        PROVIDE (__preinit_array_start = .)
 *(.preinit_array*)
                0x08006d3c                        PROVIDE (__preinit_array_end = .)
                0x08006d3c                        . = ALIGN (0x4)

.init_array     0x08006d3c        0x8
                0x08006d3c                        . = ALIGN (0x4)
                0x08006d3c                        PROVIDE (__init_array_start = .)
 *(SORT_BY_NAME(.init_array.*))
 *(.init_array*)
 .init_array    0x08006d3c        0x4 C:/ST/STM32CubeIDE_1.18.0/STM32CubeIDE/plugins/com.st.stm32cube.ide.mcu.externaltools.gnu-tools-for-stm32.13.3.rel1.win32_1.0.0.202411081344/tools/bin/../lib/gcc/arm-none-eabi/13.3.1/thumb/v7e-m+fp/hard/crtbegin.o
 .init_array    0x08006d40        0x4 ./Core/Src/main.o
                0x08006d44                        PROVIDE (__init_array_end = .)
                0x08006d44                        . = ALIGN (0x4)

.fini_array     0x08006d44        0x4
                0x08006d44                        . = ALIGN (0x4)
                [!provide]                        PROVIDE (__fini_array_start = .)
 *(SORT_BY_NAME(.fini_array.*))
 *(.fini_array*)
 .fini_array    0x08006d44        0x4 C:/ST/STM32CubeIDE_1.18.0/STM32CubeIDE/plugins/com.st.stm32cube.ide.mcu.externaltools.gnu-tools-for-stm32.13.3.rel1.win32_1.0.0.202411081344/tools/bin/../lib/gcc/arm-none-eabi/13.3.1/thumb/v7e-m+fp/hard/crtbegin.o
                [!provide]                        PROVIDE (__fini_array_end = .)
                0x08006d48                        . = ALIGN (0x4)
                0x08006d48                        _sidata = LOADADDR (.data)

.data           0x20000000      0x244 load address 0x08006d48
                0x20000000                        . = ALIGN (0x4)
                0x20000000                        _sdata = .
 *(.data)
 *(.data*)
 .data._ZN8PUTM_CAN3canE
                0x20000000      0x1e4 ./Core/Src/main.o
                0x20000000                PUTM_CAN::can
 .data.SystemCoreClock
                0x200001e4        0x4 ./Core/Src/system_stm32g4xx.o
                0x200001e4                SystemCoreClock
 .data.uwTickFreq
                0x200001e8        0x4 ./Drivers/STM32G4xx_HAL_Driver/Src/stm32g4xx_hal.o
                0x200001e8                uwTickFreq
 .data.uwTickPrio
                0x200001ec        0x4 ./Drivers/STM32G4xx_HAL_Driver/Src/stm32g4xx_hal.o
                0x200001ec                uwTickPrio
 .data.uxCriticalNesting
                0x200001f0        0x4 ./Middlewares/Third_Party/FreeRTOS/Source/portable/GCC/ARM_CM4F/port.o
 .data._impure_ptr
                0x200001f4        0x4 C:/ST/STM32CubeIDE_1.18.0/STM32CubeIDE/plugins/com.st.stm32cube.ide.mcu.externaltools.gnu-tools-for-stm32.13.3.rel1.win32_1.0.0.202411081344/tools/bin/../lib/gcc/arm-none-eabi/13.3.1/../../../../arm-none-eabi/lib/thumb/v7e-m+fp/hard\libc_nano.a(libc_a-impure.o)
                0x200001f4                _impure_ptr
 .data._impure_data
                0x200001f8       0x4c C:/ST/STM32CubeIDE_1.18.0/STM32CubeIDE/plugins/com.st.stm32cube.ide.mcu.externaltools.gnu-tools-for-stm32.13.3.rel1.win32_1.0.0.202411081344/tools/bin/../lib/gcc/arm-none-eabi/13.3.1/../../../../arm-none-eabi/lib/thumb/v7e-m+fp/hard\libc_nano.a(libc_a-impure.o)
                0x200001f8                _impure_data
 *(.RamFunc)
 *(.RamFunc*)
                0x20000244                        . = ALIGN (0x4)
                0x20000244                        _edata = .

.igot.plt       0x20000244        0x0 load address 0x08006f8c
 .igot.plt      0x20000244        0x0 C:/ST/STM32CubeIDE_1.18.0/STM32CubeIDE/plugins/com.st.stm32cube.ide.mcu.externaltools.gnu-tools-for-stm32.13.3.rel1.win32_1.0.0.202411081344/tools/bin/../lib/gcc/arm-none-eabi/13.3.1/thumb/v7e-m+fp/hard/crtbegin.o
                0x20000244                        . = ALIGN (0x4)

.bss            0x20000244     0x27b0 load address 0x08006f8c
                0x20000244                        _sbss = .
                0x20000244                        __bss_start__ = _sbss
 *(.bss)
 .bss           0x20000244       0x1c C:/ST/STM32CubeIDE_1.18.0/STM32CubeIDE/plugins/com.st.stm32cube.ide.mcu.externaltools.gnu-tools-for-stm32.13.3.rel1.win32_1.0.0.202411081344/tools/bin/../lib/gcc/arm-none-eabi/13.3.1/thumb/v7e-m+fp/hard/crtbegin.o
 *(.bss*)
 .bss.sc_state  0x20000260        0x1 ./Core/Src/main.o
                0x20000260                sc_state
 *fill*         0x20000261        0x1 
 .bss.tensometers_to_send2
                0x20000262        0x2 ./Core/Src/main.o
                0x20000262                tensometers_to_send2
 .bss.tensometers_to_send1
                0x20000264        0x2 ./Core/Src/main.o
                0x20000264                tensometers_to_send1
 .bss.steering_position_to_send2
                0x20000266        0x2 ./Core/Src/main.o
                0x20000266                steering_position_to_send2
 .bss.steering_position_to_send
                0x20000268        0x2 ./Core/Src/main.o
                0x20000268                steering_position_to_send
 .bss.brakePressureValueToSend
                0x2000026a        0x4 ./Core/Src/main.o
                0x2000026a                brakePressureValueToSend
 .bss.apps_value_to_send
                0x2000026e        0x2 ./Core/Src/main.o
                0x2000026e                apps_value_to_send
 .bss.BlinkTaskHandle
                0x20000270        0x4 ./Core/Src/main.o
                0x20000270                BlinkTaskHandle
 .bss.MainTaskHandle
                0x20000274        0x4 ./Core/Src/main.o
                0x20000274                MainTaskHandle
 .bss.htim2     0x20000278       0x4c ./Core/Src/main.o
                0x20000278                htim2
 .bss.hiwdg     0x200002c4       0x10 ./Core/Src/main.o
                0x200002c4                hiwdg
 .bss.hfdcan2   0x200002d4       0x64 ./Core/Src/main.o
                0x200002d4                hfdcan2
 .bss.hfdcan1   0x20000338       0x64 ./Core/Src/main.o
                0x20000338                hfdcan1
 .bss.hdac2     0x2000039c       0x14 ./Core/Src/main.o
                0x2000039c                hdac2
 .bss.hdac1     0x200003b0       0x14 ./Core/Src/main.o
                0x200003b0                hdac1
 .bss.hdma_adc2
                0x200003c4       0x60 ./Core/Src/main.o
                0x200003c4                hdma_adc2
 .bss.hdma_adc1
                0x20000424       0x60 ./Core/Src/main.o
                0x20000424                hdma_adc1
 .bss.hadc2     0x20000484       0x6c ./Core/Src/main.o
                0x20000484                hadc2
 .bss.hadc1     0x200004f0       0x6c ./Core/Src/main.o
                0x200004f0                hadc1
 .bss.tensometers
                0x2000055c       0xce ./Core/Src/main.o
                0x2000055c                tensometers
 .bss.sc        0x2000062a       0x10 ./Core/Src/main.o
                0x2000062a                sc
 .bss.accelerometer
                0x2000063a        0xa ./Core/Src/main.o
                0x2000063a                accelerometer
 .bss.analogs   0x20000644       0xe8 ./Core/Src/main.o
                0x20000644                analogs
 .bss.brakes    0x2000072c      0x12e ./Core/Src/main.o
                0x2000072c                brakes
 *fill*         0x2000085a        0x2 
 .bss.apps      0x2000085c       0xfc ./Core/Src/main.o
                0x2000085c                apps
 .bss.status_d  0x20000958        0x4 ./Core/Src/main.o
                0x20000958                status_d
 .bss.status_s  0x2000095c        0x4 ./Core/Src/main.o
                0x2000095c                status_s
 .bss.rtd       0x20000960        0x1 ./Core/Src/main.o
                0x20000960                rtd
 *fill*         0x20000961        0x1 
 .bss.adc2_dma_buffer
                0x20000962      0x1f4 ./Core/Src/main.o
                0x20000962                adc2_dma_buffer
 .bss.adc1_dma_buffer
                0x20000b56      0x320 ./Core/Src/main.o
                0x20000b56                adc1_dma_buffer
 *fill*         0x20000e76        0x2 
 .bss.HAL_RCC_FDCAN_CLK_ENABLED
                0x20000e78        0x4 ./Core/Src/stm32g4xx_hal_msp.o
 .bss.HAL_RCC_ADC12_CLK_ENABLED
                0x20000e7c        0x4 ./Core/Src/stm32g4xx_hal_msp.o
 .bss.htim1     0x20000e80       0x4c ./Core/Src/stm32g4xx_hal_timebase_tim.o
                0x20000e80                htim1
 .bss.uwTick    0x20000ecc        0x4 ./Drivers/STM32G4xx_HAL_Driver/Src/stm32g4xx_hal.o
                0x20000ecc                uwTick
 .bss.Timer_Stack.0
                0x20000ed0      0x400 ./Middlewares/Third_Party/FreeRTOS/Source/CMSIS_RTOS_V2/cmsis_os2.o
 .bss.Timer_TCB.1
                0x200012d0       0xa8 ./Middlewares/Third_Party/FreeRTOS/Source/CMSIS_RTOS_V2/cmsis_os2.o
 .bss.Idle_Stack.2
                0x20001378      0x200 ./Middlewares/Third_Party/FreeRTOS/Source/CMSIS_RTOS_V2/cmsis_os2.o
 .bss.Idle_TCB.3
                0x20001578       0xa8 ./Middlewares/Third_Party/FreeRTOS/Source/CMSIS_RTOS_V2/cmsis_os2.o
 .bss.KernelState
                0x20001620        0x4 ./Middlewares/Third_Party/FreeRTOS/Source/CMSIS_RTOS_V2/cmsis_os2.o
 .bss.xQueueRegistry
                0x20001624       0x40 ./Middlewares/Third_Party/FreeRTOS/Source/queue.o
                0x20001624                xQueueRegistry
 .bss.uxSchedulerSuspended
                0x20001664        0x4 ./Middlewares/Third_Party/FreeRTOS/Source/tasks.o
 .bss.xNextTaskUnblockTime
                0x20001668        0x4 ./Middlewares/Third_Party/FreeRTOS/Source/tasks.o
 .bss.uxTaskNumber
                0x2000166c        0x4 ./Middlewares/Third_Party/FreeRTOS/Source/tasks.o
 .bss.xNumOfOverflows
                0x20001670        0x4 ./Middlewares/Third_Party/FreeRTOS/Source/tasks.o
 .bss.xYieldPending
                0x20001674        0x4 ./Middlewares/Third_Party/FreeRTOS/Source/tasks.o
 .bss.xPendedTicks
                0x20001678        0x4 ./Middlewares/Third_Party/FreeRTOS/Source/tasks.o
 .bss.xSchedulerRunning
                0x2000167c        0x4 ./Middlewares/Third_Party/FreeRTOS/Source/tasks.o
 .bss.uxTopReadyPriority
                0x20001680        0x4 ./Middlewares/Third_Party/FreeRTOS/Source/tasks.o
 .bss.xTickCount
                0x20001684        0x4 ./Middlewares/Third_Party/FreeRTOS/Source/tasks.o
 .bss.uxCurrentNumberOfTasks
                0x20001688        0x4 ./Middlewares/Third_Party/FreeRTOS/Source/tasks.o
 .bss.xSuspendedTaskList
                0x2000168c       0x14 ./Middlewares/Third_Party/FreeRTOS/Source/tasks.o
 .bss.uxDeletedTasksWaitingCleanUp
                0x200016a0        0x4 ./Middlewares/Third_Party/FreeRTOS/Source/tasks.o
 .bss.xTasksWaitingTermination
                0x200016a4       0x14 ./Middlewares/Third_Party/FreeRTOS/Source/tasks.o
 .bss.xPendingReadyList
                0x200016b8       0x14 ./Middlewares/Third_Party/FreeRTOS/Source/tasks.o
 .bss.pxOverflowDelayedTaskList
                0x200016cc        0x4 ./Middlewares/Third_Party/FreeRTOS/Source/tasks.o
 .bss.pxDelayedTaskList
                0x200016d0        0x4 ./Middlewares/Third_Party/FreeRTOS/Source/tasks.o
 .bss.xDelayedTaskList2
                0x200016d4       0x14 ./Middlewares/Third_Party/FreeRTOS/Source/tasks.o
 .bss.xDelayedTaskList1
                0x200016e8       0x14 ./Middlewares/Third_Party/FreeRTOS/Source/tasks.o
 .bss.pxReadyTasksLists
                0x200016fc      0x460 ./Middlewares/Third_Party/FreeRTOS/Source/tasks.o
 .bss.pxCurrentTCB
                0x20001b5c        0x4 ./Middlewares/Third_Party/FreeRTOS/Source/tasks.o
                0x20001b5c                pxCurrentTCB
 .bss.xStaticTimerQueue.0
                0x20001b60       0x50 ./Middlewares/Third_Party/FreeRTOS/Source/timers.o
 .bss.ucStaticTimerQueueStorage.1
                0x20001bb0       0xa0 ./Middlewares/Third_Party/FreeRTOS/Source/timers.o
 .bss.xLastTime.2
                0x20001c50        0x4 ./Middlewares/Third_Party/FreeRTOS/Source/timers.o
 .bss.xTimerTaskHandle
                0x20001c54        0x4 ./Middlewares/Third_Party/FreeRTOS/Source/timers.o
 .bss.xTimerQueue
                0x20001c58        0x4 ./Middlewares/Third_Party/FreeRTOS/Source/timers.o
 .bss.pxOverflowTimerList
                0x20001c5c        0x4 ./Middlewares/Third_Party/FreeRTOS/Source/timers.o
 .bss.pxCurrentTimerList
                0x20001c60        0x4 ./Middlewares/Third_Party/FreeRTOS/Source/timers.o
 .bss.xActiveTimerList2
                0x20001c64       0x14 ./Middlewares/Third_Party/FreeRTOS/Source/timers.o
 .bss.xActiveTimerList1
                0x20001c78       0x14 ./Middlewares/Third_Party/FreeRTOS/Source/timers.o
 .bss.ulMaxPRIGROUPValue
                0x20001c8c        0x4 ./Middlewares/Third_Party/FreeRTOS/Source/portable/GCC/ARM_CM4F/port.o
 .bss.ucMaxSysCallPriority
                0x20001c90        0x1 ./Middlewares/Third_Party/FreeRTOS/Source/portable/GCC/ARM_CM4F/port.o
 *fill*         0x20001c91        0x3 
 .bss.xBlockAllocatedBit
                0x20001c94        0x4 ./Middlewares/Third_Party/FreeRTOS/Source/portable/MemMang/heap_4.o
 .bss.xNumberOfSuccessfulFrees
                0x20001c98        0x4 ./Middlewares/Third_Party/FreeRTOS/Source/portable/MemMang/heap_4.o
 .bss.xNumberOfSuccessfulAllocations
                0x20001c9c        0x4 ./Middlewares/Third_Party/FreeRTOS/Source/portable/MemMang/heap_4.o
 .bss.xMinimumEverFreeBytesRemaining
                0x20001ca0        0x4 ./Middlewares/Third_Party/FreeRTOS/Source/portable/MemMang/heap_4.o
 .bss.xFreeBytesRemaining
                0x20001ca4        0x4 ./Middlewares/Third_Party/FreeRTOS/Source/portable/MemMang/heap_4.o
 .bss.pxEnd     0x20001ca8        0x4 ./Middlewares/Third_Party/FreeRTOS/Source/portable/MemMang/heap_4.o
 .bss.xStart    0x20001cac        0x8 ./Middlewares/Third_Party/FreeRTOS/Source/portable/MemMang/heap_4.o
 .bss.ucHeap    0x20001cb4      0xc00 ./Middlewares/Third_Party/FreeRTOS/Source/portable/MemMang/heap_4.o
 .bss.__sf      0x200028b4      0x138 C:/ST/STM32CubeIDE_1.18.0/STM32CubeIDE/plugins/com.st.stm32cube.ide.mcu.externaltools.gnu-tools-for-stm32.13.3.rel1.win32_1.0.0.202411081344/tools/bin/../lib/gcc/arm-none-eabi/13.3.1/../../../../arm-none-eabi/lib/thumb/v7e-m+fp/hard\libc_nano.a(libc_a-findfp.o)
                0x200028b4                __sf
 .bss.__lock___malloc_recursive_mutex
                0x200029ec        0x1 C:/ST/STM32CubeIDE_1.18.0/STM32CubeIDE/plugins/com.st.stm32cube.ide.mcu.externaltools.gnu-tools-for-stm32.13.3.rel1.win32_1.0.0.202411081344/tools/bin/../lib/gcc/arm-none-eabi/13.3.1/../../../../arm-none-eabi/lib/thumb/v7e-m+fp/hard\libc_nano.a(libc_a-lock.o)
                0x200029ec                __lock___malloc_recursive_mutex
 *fill*         0x200029ed        0x3 
 .bss.__malloc_free_list
                0x200029f0        0x4 C:/ST/STM32CubeIDE_1.18.0/STM32CubeIDE/plugins/com.st.stm32cube.ide.mcu.externaltools.gnu-tools-for-stm32.13.3.rel1.win32_1.0.0.202411081344/tools/bin/../lib/gcc/arm-none-eabi/13.3.1/../../../../arm-none-eabi/lib/thumb/v7e-m+fp/hard\libc_nano.a(libc_a-mallocr.o)
                0x200029f0                __malloc_free_list
 *(COMMON)
                0x200029f4                        . = ALIGN (0x4)
                0x200029f4                        _ebss = .
                0x200029f4                        __bss_end__ = _ebss

._user_heap_stack
                0x200029f4      0x604 load address 0x08006f8c
                0x200029f8                        . = ALIGN (0x8)
 *fill*         0x200029f4        0x4 
                [!provide]                        PROVIDE (end = .)
                0x200029f8                        PROVIDE (_end = .)
                0x20002bf8                        . = (. + _Min_Heap_Size)
 *fill*         0x200029f8      0x200 
                0x20002ff8                        . = (. + _Min_Stack_Size)
 *fill*         0x20002bf8      0x400 
                0x20002ff8                        . = ALIGN (0x8)

/DISCARD/
 libc.a(*)
 libm.a(*)
 libgcc.a(*)

.ARM.attributes
                0x00000000       0x30
 *(.ARM.attributes)
 .ARM.attributes
                0x00000000       0x22 C:/ST/STM32CubeIDE_1.18.0/STM32CubeIDE/plugins/com.st.stm32cube.ide.mcu.externaltools.gnu-tools-for-stm32.13.3.rel1.win32_1.0.0.202411081344/tools/bin/../lib/gcc/arm-none-eabi/13.3.1/thumb/v7e-m+fp/hard/crti.o
 .ARM.attributes
                0x00000022       0x34 C:/ST/STM32CubeIDE_1.18.0/STM32CubeIDE/plugins/com.st.stm32cube.ide.mcu.externaltools.gnu-tools-for-stm32.13.3.rel1.win32_1.0.0.202411081344/tools/bin/../lib/gcc/arm-none-eabi/13.3.1/thumb/v7e-m+fp/hard/crtbegin.o
 .ARM.attributes
                0x00000056       0x34 ./Core/Src/main.o
 .ARM.attributes
                0x0000008a       0x34 ./Core/Src/stm32g4xx_hal_msp.o
 .ARM.attributes
                0x000000be       0x34 ./Core/Src/stm32g4xx_hal_timebase_tim.o
 .ARM.attributes
                0x000000f2       0x34 ./Core/Src/stm32g4xx_it.o
 .ARM.attributes
                0x00000126       0x34 ./Core/Src/system_stm32g4xx.o
 .ARM.attributes
                0x0000015a       0x34 ./Core/Src/interfaces/Sc.o
 .ARM.attributes
                0x0000018e       0x34 ./Core/Src/interfaces/Tensometers.o
 .ARM.attributes
                0x000001c2       0x34 ./Core/Src/interfaces/analog.o
 .ARM.attributes
                0x000001f6       0x34 ./Core/Src/interfaces/apps.o
 .ARM.attributes
                0x0000022a       0x34 ./Core/Src/interfaces/brakes.o
 .ARM.attributes
                0x0000025e       0x21 ./Core/Startup/startup_stm32g484retx.o
 .ARM.attributes
                0x0000027f       0x34 ./Drivers/STM32G4xx_HAL_Driver/Src/stm32g4xx_hal.o
 .ARM.attributes
                0x000002b3       0x34 ./Drivers/STM32G4xx_HAL_Driver/Src/stm32g4xx_hal_adc.o
 .ARM.attributes
                0x000002e7       0x34 ./Drivers/STM32G4xx_HAL_Driver/Src/stm32g4xx_hal_adc_ex.o
 .ARM.attributes
                0x0000031b       0x34 ./Drivers/STM32G4xx_HAL_Driver/Src/stm32g4xx_hal_cortex.o
 .ARM.attributes
                0x0000034f       0x34 ./Drivers/STM32G4xx_HAL_Driver/Src/stm32g4xx_hal_dac.o
 .ARM.attributes
                0x00000383       0x34 ./Drivers/STM32G4xx_HAL_Driver/Src/stm32g4xx_hal_dma.o
 .ARM.attributes
                0x000003b7       0x34 ./Drivers/STM32G4xx_HAL_Driver/Src/stm32g4xx_hal_fdcan.o
 .ARM.attributes
                0x000003eb       0x34 ./Drivers/STM32G4xx_HAL_Driver/Src/stm32g4xx_hal_gpio.o
 .ARM.attributes
                0x0000041f       0x34 ./Drivers/STM32G4xx_HAL_Driver/Src/stm32g4xx_hal_iwdg.o
 .ARM.attributes
                0x00000453       0x34 ./Drivers/STM32G4xx_HAL_Driver/Src/stm32g4xx_hal_pwr_ex.o
 .ARM.attributes
                0x00000487       0x34 ./Drivers/STM32G4xx_HAL_Driver/Src/stm32g4xx_hal_rcc.o
 .ARM.attributes
                0x000004bb       0x34 ./Drivers/STM32G4xx_HAL_Driver/Src/stm32g4xx_hal_rcc_ex.o
 .ARM.attributes
                0x000004ef       0x34 ./Drivers/STM32G4xx_HAL_Driver/Src/stm32g4xx_hal_tim.o
 .ARM.attributes
                0x00000523       0x34 ./Drivers/STM32G4xx_HAL_Driver/Src/stm32g4xx_hal_tim_ex.o
 .ARM.attributes
                0x00000557       0x34 ./Middlewares/Third_Party/FreeRTOS/Source/CMSIS_RTOS_V2/cmsis_os2.o
 .ARM.attributes
                0x0000058b       0x34 ./Middlewares/Third_Party/FreeRTOS/Source/list.o
 .ARM.attributes
                0x000005bf       0x34 ./Middlewares/Third_Party/FreeRTOS/Source/queue.o
 .ARM.attributes
                0x000005f3       0x34 ./Middlewares/Third_Party/FreeRTOS/Source/tasks.o
 .ARM.attributes
                0x00000627       0x34 ./Middlewares/Third_Party/FreeRTOS/Source/timers.o
 .ARM.attributes
                0x0000065b       0x34 ./Middlewares/Third_Party/FreeRTOS/Source/portable/GCC/ARM_CM4F/port.o
 .ARM.attributes
                0x0000068f       0x34 ./Middlewares/Third_Party/FreeRTOS/Source/portable/MemMang/heap_4.o
 .ARM.attributes
                0x000006c3       0x34 C:/ST/STM32CubeIDE_1.18.0/STM32CubeIDE/plugins/com.st.stm32cube.ide.mcu.externaltools.gnu-tools-for-stm32.13.3.rel1.win32_1.0.0.202411081344/tools/bin/../lib/gcc/arm-none-eabi/13.3.1/../../../../arm-none-eabi/lib/thumb/v7e-m+fp/hard\libm.a(libm_a-s_round.o)
 .ARM.attributes
                0x000006f7       0x34 C:/ST/STM32CubeIDE_1.18.0/STM32CubeIDE/plugins/com.st.stm32cube.ide.mcu.externaltools.gnu-tools-for-stm32.13.3.rel1.win32_1.0.0.202411081344/tools/bin/../lib/gcc/arm-none-eabi/13.3.1/../../../../arm-none-eabi/lib/thumb/v7e-m+fp/hard\libm.a(libm_a-sf_round.o)
 .ARM.attributes
                0x0000072b       0x34 C:/ST/STM32CubeIDE_1.18.0/STM32CubeIDE/plugins/com.st.stm32cube.ide.mcu.externaltools.gnu-tools-for-stm32.13.3.rel1.win32_1.0.0.202411081344/tools/bin/../lib/gcc/arm-none-eabi/13.3.1/../../../../arm-none-eabi/lib/thumb/v7e-m+fp/hard\libc_nano.a(libc_a-findfp.o)
 .ARM.attributes
                0x0000075f       0x34 C:/ST/STM32CubeIDE_1.18.0/STM32CubeIDE/plugins/com.st.stm32cube.ide.mcu.externaltools.gnu-tools-for-stm32.13.3.rel1.win32_1.0.0.202411081344/tools/bin/../lib/gcc/arm-none-eabi/13.3.1/../../../../arm-none-eabi/lib/thumb/v7e-m+fp/hard\libc_nano.a(libc_a-memset.o)
 .ARM.attributes
                0x00000793       0x34 C:/ST/STM32CubeIDE_1.18.0/STM32CubeIDE/plugins/com.st.stm32cube.ide.mcu.externaltools.gnu-tools-for-stm32.13.3.rel1.win32_1.0.0.202411081344/tools/bin/../lib/gcc/arm-none-eabi/13.3.1/../../../../arm-none-eabi/lib/thumb/v7e-m+fp/hard\libc_nano.a(libc_a-reent.o)
 .ARM.attributes